[sabujcha-demo.myshopify.com/index.html]
[cdn.shopify.com/s/files/1/0053/5665/0560/files/favicon_32x320419.png]
[backblue.gif]
[fade.gif]
[index.html]
[cdn.shopify.com/s/files/1/0053/5665/0560/t/2/assets/timber.scss089a.css]
[cdn.shopify.com/s/files/1/0053/5665/0560/t/2/assets/bootstrap.minc79f.css]
[cdn.shopify.com/s/files/1/0053/5665/0560/t/2/assets/animate2117.css]
[cdn.shopify.com/s/files/1/0053/5665/0560/t/2/assets/chosen.minfb6a.css]
[cdn.shopify.com/s/files/1/0053/5665/0560/t/2/assets/font-awesome.mina741.css]
[cdn.shopify.com/s/files/1/0053/5665/0560/t/2/assets/ionicons.minb771.css]
[cdn.shopify.com/s/files/1/0053/5665/0560/t/2/assets/jquery-uife68.css]
[cdn.shopify.com/s/files/1/0053/5665/0560/t/2/assets/meanmenu.min07f7.css]
[cdn.shopify.com/s/files/1/0053/5665/0560/t/2/assets/owl.carousel.min22a5.css]
[cdn.shopify.com/s/files/1/0053/5665/0560/t/2/assets/slick6c6a.css]
[cdn.shopify.com/s/files/1/0053/5665/0560/t/2/assets/themify-icons40bc.css]
[cdn.shopify.com/s/files/1/0053/5665/0560/t/2/assets/jquery.fancybox-1.3.40a0a.css]
[cdn.shopify.com/s/files/1/0053/5665/0560/t/2/assets/style271f.css]
[cdn.shopify.com/s/files/1/0053/5665/0560/t/2/assets/responsive8230.css]
[cdn.shopify.com/s/files/1/0053/5665/0560/t/2/assets/theme-defaultcf74.css]
[cdn.shopify.com/s/files/1/0053/5665/0560/t/2/assets/theme-custom48e4.css]
[cdn.shopify.com/s/files/1/0053/5665/0560/t/2/assets/theme-responsive2770.css]
[cdn.shopify.com/s/files/1/0053/5665/0560/t/2/assets/skin-theme9a11.css]
[cdn.shopify.com/s/files/1/0053/5665/0560/t/2/assets/theme-color67a9.css]
[sabujcha-demo.myshopify.com/POST.14.delayed]
[cdn.shopify.com/s/trekkie.storefront.623cda64d8c0a62a4271b36bfacfc4462da8b3a2.min.js]
[cdn.shopify.com/shopifycloud/boomerang/shopify-boomerang-1.0.0.min.js]
[cdn.shopify.com/shopifycloud/shopify/assets/shop_events_listener-68ba3f1321f00bf07cb78a03841621079812265e950cdccade3463749ea2705e.js]
[cdn.shopify.com/shopifycloud/storefront-recaptcha-v3/v0.1/index.js]
[cdn.shopify.com/shopifycloud/shopify/assets/storefront/load_feature-24ff1222c9aa13bb217653c0d3ea28c40a796a280e6da29ad421eec2a6075c86.js]
[cdn.shopify.com/shopifycloud/shopify/assets/storefront/features-87e8399988880142f2c62771b9d8f2ff6c290b3ff745dd426eb0dfe0db9d1dae.js]
[cdn.shopify.com/s/files/1/0053/5665/0560/t/2/compiled_assets/styles0a0a.css]
[cdn.shopify.com/s/files/1/0053/5665/0560/t/2/assets/modernizr-3.5.0.minbe56.js]
[cdn.shopify.com/s/files/1/0053/5665/0560/t/2/assets/jquery-v1.12.4.min7e10.js]
[cdn.shopify.com/s/files/1/0053/5665/0560/t/2/assets/popper97a2.js]
[cdn.shopify.com/s/files/1/0053/5665/0560/t/2/assets/bootstrap.min9c20.js]
[cdn.shopify.com/s/files/1/0053/5665/0560/t/2/assets/owl.carousel.min29bc.js]
[cdn.shopify.com/s/files/1/0053/5665/0560/t/2/assets/jquery.nicescroll.minf5d9.js]
[cdn.shopify.com/s/files/1/0053/5665/0560/t/2/assets/jquery.magnific-popup.min61ce.js]
[cdn.shopify.com/s/files/1/0053/5665/0560/t/2/assets/isotope.pkgd.min17e2.js]
[cdn.shopify.com/s/files/1/0053/5665/0560/t/2/assets/imagesloaded.pkgd.min9519.js]
[cdn.shopify.com/s/files/1/0053/5665/0560/t/2/assets/main1e7d.js]
[cdn.shopify.com/s/files/1/0053/5665/0560/t/2/assets/jquery.countdown.min2b8a.js]
[cdn.shopify.com/s/files/1/0053/5665/0560/t/2/assets/plugins7666.js]
[cdn.shopify.com/shopifycloud/shopify/assets/themes_support/option_selection-fe6b72c2bbdd3369ac0bfefe8648e3c889efca213baefd4cfb0dd9363563831f.js]
[cdn.shopify.com/shopifycloud/shopify/assets/themes_support/api.jquery-e94e010e92e659b566dbc436fdfe5242764380e00398907a14955ba301a4749f.js]
[cdn.shopify.com/s/files/1/0053/5665/0560/t/2/assets/cart.api3e51.js]
[cdn.shopify.com/s/files/1/0053/5665/0560/t/2/assets/themed291.js]
[cdn.shopify.com/s/files/1/0053/5665/0560/files/newsletter_440x550_crop_centerfd7a.jpg]
[cdn.shopify.com/s/files/1/0053/5665/0560/files/logo_300x300420e.png]
[sabujcha-demo.myshopify.com/pages/about.html]
[sabujcha-demo.myshopify.com/collections/all.html]
[sabujcha-demo.myshopify.com/products/1-new-and-sale-badge-product.html]
[sabujcha-demo.myshopify.com/products/11-product-with-video.html]
[sabujcha-demo.myshopify.com/products/demo-product-title-3.html]
[sabujcha-demo.myshopify.com/products/9-without-shortcode-product.html]
[sabujcha-demo.myshopify.com/products/8-countdown-product.html]
[sabujcha-demo.myshopify.com/products/aliexpress-dropshipping-by-oberlo-cpy.html]
[sabujcha-demo.myshopify.com/products/demo-product-title-2.html]
[sabujcha-demo.myshopify.com/products/demo-product-title-1.html]
[sabujcha-demo.myshopify.com/products/dummy-text-for-title-1.html]
[sabujcha-demo.myshopify.com/products/dummy-text-for-title-2.html]
[sabujcha-demo.myshopify.com/products/dummy-text-for-title-3.html]
[sabujcha-demo.myshopify.com/products/dummy-text-for-title.html]
[sabujcha-demo.myshopify.com/products/product-dummy-title-4.html]
[sabujcha-demo.myshopify.com/products/product-title-here.html]
[sabujcha-demo.myshopify.com/products/product-title-here-2.html]
[sabujcha-demo.myshopify.com/products/5-simple-product.html]
[sabujcha-demo.myshopify.com/products/3-variable-product.html]
[sabujcha-demo.myshopify.com/products/7-sample-affiliate-product.html]
[sabujcha-demo.myshopify.com/products/4-soldout-product.html]
[sabujcha-demo.myshopify.com/blogs/news.html]
[sabujcha-demo.myshopify.com/blogs/news/new-collection-our-shop-1.html]
[sabujcha-demo.myshopify.com/pages/contact-us.html]
[sabujcha-demo.myshopify.com/cart.html]
[cdn.shopify.com/s/files/1/0053/5665/0560/files/slider-1cf35.jpg]
[cdn.shopify.com/s/files/1/0053/5665/0560/files/slider-1-199de.jpg]
[sabujcha-demo.myshopify.com/collections/latest-products.html]
[cdn.shopify.com/s/files/1/0053/5665/0560/products/5_270X287_crop_center898c.jpg]
[sabujcha-demo.myshopify.com/collections/new-products.html]
[sabujcha-demo.myshopify.com/account/login.html]
[cdn.shopify.com/s/files/1/0053/5665/0560/products/product-detalis-bl1_270X287_crop_center0966.jpg]
[cdn.shopify.com/s/files/1/0053/5665/0560/products/4_e210f897-f390-4a55-b8dc-78e99a5f2644_270X287_crop_center73c6.jpg]
[cdn.shopify.com/s/files/1/0053/5665/0560/products/product-detalis-bl5_4095ce22-b72e-4246-8434-35de94291ed7_270X287_crop_center8e7e.jpg]
[sabujcha-demo.myshopify.com/products/2-new-badge-product.html]
[cdn.shopify.com/s/files/1/0053/5665/0560/products/2_09923345-96f3-4637-a1dd-9ed9c0eed133_270X287_crop_centerc02f.jpg]
[sabujcha-demo.myshopify.com/products/demo-product-title.html]
[cdn.shopify.com/s/files/1/0053/5665/0560/products/3_270X287_crop_center9368.jpg]
[cdn.shopify.com/s/files/1/0053/5665/0560/products/product-detalis-bl4_1778ff55-64d8-4276-88b7-fdcd0cc1d295_270X287_crop_centera72f.jpg]
[cdn.shopify.com/s/files/1/0053/5665/0560/products/product-detalis-bl1_f70dcd3c-be2f-4224-a72a-3b6fd32a1449_270X287_crop_center186f.jpg]
[cdn.shopify.com/s/files/1/0053/5665/0560/files/bg-16327.jpg]
[cdn.shopify.com/s/files/1/0053/5665/0560/files/banner-1_1024x1024@2xe217.png]
[cdn.shopify.com/s/files/1/0053/5665/0560/files/banner-2_1024x1024@2xa78f.png]
[cdn.shopify.com/s/files/1/0053/5665/0560/products/1_270X287_crop_center717d.jpg]
[cdn.shopify.com/s/files/1/0053/5665/0560/products/product-detalis-bl1_73a06bd5-0e65-4a21-bcf8-a40ae313ffe5_270X287_crop_center618d.jpg]
[cdn.shopify.com/s/files/1/0053/5665/0560/products/product-detalis-bl4_f1882198-b737-46d2-915e-09657d067f36_270X287_crop_centere9f7.jpg]
[cdn.shopify.com/s/files/1/0053/5665/0560/products/4_459564e8-6efd-41f2-9413-33a7c6a1f5bb_270X287_crop_centerc83d.jpg]
[sabujcha-demo.myshopify.com/products/product-title-here-3.html]
[cdn.shopify.com/s/files/1/0053/5665/0560/products/product-detalis-bl3_-_Copy_ef6a226f-baba-4688-a30a-ee0184c0860d_270X287_crop_centerdd53.jpg]
[cdn.shopify.com/s/files/1/0053/5665/0560/products/3_f6e9d535-1d25-4a07-a234-fd02980df679_270X287_crop_center905c.jpg]
[cdn.shopify.com/s/files/1/0053/5665/0560/files/testi_compactc343.png]
[cdn.shopify.com/s/files/1/0053/5665/0560/files/Untitled-1_81e05486-0ad2-4ee7-9018-cc3b3af06e03af7b.jpg]
[cdn.shopify.com/s/files/1/0053/5665/0560/files/bg_blue275b.jpg]
[cdn.shopify.com/s/files/1/0053/5665/0560/products/5_large898c.jpg]
[cdn.shopify.com/s/files/1/0053/5665/0560/products/product-detalis-bl1_large0966.jpg]
[cdn.shopify.com/s/files/1/0053/5665/0560/products/4_e210f897-f390-4a55-b8dc-78e99a5f2644_large73c6.jpg]
[cdn.shopify.com/s/files/1/0053/5665/0560/products/product-detalis-bl5_4095ce22-b72e-4246-8434-35de94291ed7_large8e7e.jpg]
[cdn.shopify.com/s/files/1/0053/5665/0560/products/1_large717d.jpg]
[cdn.shopify.com/s/files/1/0053/5665/0560/products/product-detalis-bl1_73a06bd5-0e65-4a21-bcf8-a40ae313ffe5_large618d.jpg]
[cdn.shopify.com/s/files/1/0053/5665/0560/files/Screenshot_3_2a9b2df3-3497-465f-8183-041df3cc25a6bbe2.jpg]
[cdn.shopify.com/s/files/1/0053/5665/0560/articles/b1_347X376_crop_center3192.jpg]
[sabujcha-demo.myshopify.com/blogs/news/ways-to-experience-the-matcha-heaven.html]
[cdn.shopify.com/s/files/1/0053/5665/0560/articles/b3_347X376_crop_center07cb.jpg]
[sabujcha-demo.myshopify.com/blogs/news/world-s-most-popular-tea-drinks.html]
[cdn.shopify.com/s/files/1/0053/5665/0560/articles/b2_347X376_crop_centerafc8.jpg]
[sabujcha-demo.myshopify.com/blogs/news/how-to-make-ginger-tea-and-matcha-ginger-tea.html]
[cdn.shopify.com/s/files/1/0053/5665/0560/files/bg-1_594c18c4-b004-48c6-8ae6-265fce35613f3d38.jpg]
[cdn.shopify.com/s/files/1/0053/5665/0560/files/17a96.jpg]
[cdn.shopify.com/s/files/1/0053/5665/0560/files/26cda.jpg]
[cdn.shopify.com/s/files/1/0053/5665/0560/files/34b18.jpg]
[cdn.shopify.com/s/files/1/0053/5665/0560/files/49a84.jpg]
[cdn.shopify.com/s/files/1/0053/5665/0560/files/53347.jpg]
[cdn.shopify.com/s/files/1/0053/5665/0560/files/bg-28400.jpg]
[sabujcha-demo.myshopify.com/pages/wishlist.html]
[cdn.shopify.com/s/files/1/0053/5665/0560/files/payment6980.png]
[cdn.shopify.com/s/files/1/0053/5665/0560/t/2/assets/fastclick.min1125.js]
[cdn.shopify.com/s/files/1/0053/5665/0560/t/2/assets/timber6083.js]
[cdn.shopify.com/s/files/1/0053/5665/0560/t/2/assets/wishlistfdb7.js]
[cdn.shopify.com/s/javascripts/currencies.js]
[cdn.shopify.com/s/files/1/0053/5665/0560/t/2/assets/jquery.currencies.min1a82.js]
[sabujcha-demo.myshopify.com/index.html]
[cdn.shopify.com/s/files/1/0053/5665/0560/t/2/assets/icons0b47.eot]
[cdn.shopify.com/s/files/1/0053/5665/0560/t/2/assets/icons0316.woff]
[cdn.shopify.com/s/files/1/0053/5665/0560/t/2/assets/iconsae75.ttf]
[cdn.shopify.com/s/files/1/0053/5665/0560/t/2/assets/icons9076.svg]
[cdn.shopify.com/s/files/1/0053/5665/0560/t/2/assets/ico-selectde0d.svg]
[cdn.shopify.com/s/files/1/0053/5665/0560/t/2/assets/timber.scss089a.css]
[cdn.shopify.com/s/files/1/0053/5665/0560/t/2/assets/bootstrap.minc79f.css]
[cdn.shopify.com/s/files/1/0053/5665/0560/t/2/assets/animate2117.css]
[cdn.shopify.com/s/files/1/0053/5665/0560/t/2/assets/chosen-sprite.png]
[cdn.shopify.com/s/files/1/0053/5665/0560/t/2/assets/chosen-sprite@2x.png]
[cdn.shopify.com/s/files/1/0053/5665/0560/t/2/assets/chosen.minfb6a.css]
[cdn.shopify.com/s/files/1/0053/5665/0560/t/2/assets/fontawesome-webfont3295.woff2]
[cdn.shopify.com/s/files/1/0053/5665/0560/t/2/assets/fontawesome-webfont3295.woff]
[cdn.shopify.com/s/files/1/0053/5665/0560/t/2/assets/fontawesome-webfont3295.eot]
[cdn.shopify.com/s/files/1/0053/5665/0560/t/2/assets/fontawesome-webfontd41d.eot]
[cdn.shopify.com/s/files/1/0053/5665/0560/t/2/assets/font-awesome.mina741.css]
[cdn.shopify.com/s/files/1/0053/5665/0560/t/2/assets/ionicons28b5.eot]
[cdn.shopify.com/s/files/1/0053/5665/0560/t/2/assets/fontawesome-webfont3295.ttf]
[cdn.shopify.com/s/files/1/0053/5665/0560/t/2/assets/ionicons28b5.woff]
[cdn.shopify.com/s/files/1/0053/5665/0560/t/2/assets/fontawesome-webfont3295.svg]
[cdn.shopify.com/s/files/1/0053/5665/0560/t/2/assets/ionicons.minb771.css]
[cdn.shopify.com/s/files/1/0053/5665/0560/t/2/assets/images/ui-bg_inset-hard_100_fcfdfd_1x100.93.delayed]
[cdn.shopify.com/s/files/1/0053/5665/0560/t/2/assets/images/ui-bg_gloss-wave_55_5c9ccc_500x100.png]
[cdn.shopify.com/s/files/1/0053/5665/0560/t/2/assets/images/ui-bg_glass_85_dfeffc_1x400.png]
[cdn.shopify.com/s/files/1/0053/5665/0560/t/2/assets/images/ui-bg_glass_75_d0e5f5_1x400.png]
[cdn.shopify.com/s/files/1/0053/5665/0560/t/2/assets/ionicons28b5.svg]
[cdn.shopify.com/s/files/1/0053/5665/0560/t/2/assets/images/ui-bg_inset-hard_100_f5f8f9_1x100.png]
[cdn.shopify.com/s/files/1/0053/5665/0560/t/2/assets/images/ui-bg_glass_95_fef1ec_1x400.png]
[cdn.shopify.com/s/files/1/0053/5665/0560/t/2/assets/ionicons28b5.ttf]
[cdn.shopify.com/s/files/1/0053/5665/0560/t/2/assets/images/ui-icons_469bdd_256x240.png]
[cdn.shopify.com/s/files/1/0053/5665/0560/t/2/assets/images/ui-icons_d8e7f3_256x240.png]
[cdn.shopify.com/s/files/1/0053/5665/0560/t/2/assets/images/ui-icons_6da8d5_256x240.png]
[cdn.shopify.com/s/files/1/0053/5665/0560/t/2/assets/images/ui-icons_217bc0_256x240.png]
[cdn.shopify.com/s/files/1/0053/5665/0560/t/2/assets/images/ui-icons_f9bd01_256x240.png]
[cdn.shopify.com/s/files/1/0053/5665/0560/t/2/assets/images/ui-icons_2e83ff_256x240.png]
[cdn.shopify.com/s/files/1/0053/5665/0560/t/2/assets/images/ui-icons_cd0a0a_256x240.png]
[cdn.shopify.com/s/files/1/0053/5665/0560/t/2/assets/jquery-uife68.css]
[cdn.shopify.com/s/files/1/0053/5665/0560/t/2/assets/meanmenu.min07f7.css]
[cdn.shopify.com/s/files/1/0053/5665/0560/t/2/assets/owl.video.play.png]
[cdn.shopify.com/s/files/1/0053/5665/0560/t/2/assets/owl.carousel.min22a5.css]
[cdn.shopify.com/s/files/1/0053/5665/0560/t/2/assets/slick6c6a.css]
[cdn.shopify.com/s/files/1/0053/5665/0560/t/2/assets/themify9f24.eot]
[cdn.shopify.com/s/files/1/0053/5665/0560/t/2/assets/themify9f24.woff]
[cdn.shopify.com/s/files/1/0053/5665/0560/t/2/assets/themifyd41d.eot]
[cdn.shopify.com/s/files/1/0053/5665/0560/t/2/assets/themify-icons40bc.css]
[cdn.shopify.com/s/files/1/0053/5665/0560/t/2/assets/jquery.fancybox-1.3.40a0a.html]
[cdn.shopify.com/s/files/1/0053/5665/0560/t/assets/img/bg/bg-1.jpg]
[cdn.shopify.com/s/files/1/0053/5665/0560/t/assets/img/bg/bg-2.jpg]
[cdn.shopify.com/s/files/1/0053/5665/0560/t/assets/img/bg/breadcrumb.jpg]
[cdn.shopify.com/s/files/1/0053/5665/0560/t/assets/img/icon-img/select.png]
[cdn.shopify.com/s/files/1/0053/5665/0560/t/2/assets/themify9f24.svg]
[cdn.shopify.com/s/files/1/0053/5665/0560/t/assets/img/icon-img/shop.png]
[cdn.shopify.com/s/files/1/0053/5665/0560/t/assets/img/icon-img/cart.png]
[cdn.shopify.com/s/files/1/0053/5665/0560/t/2/assets/style271f.css]
[cdn.shopify.com/s/files/1/0053/5665/0560/t/2/assets/responsive8230.css]
[cdn.shopify.com/s/files/1/0053/5665/0560/t/2/assets/themify9f24.ttf]
[cdn.shopify.com/s/files/1/0053/5665/0560/t/2/assets/qcv-arrow-down.png]
[cdn.shopify.com/s/files/1/0053/5665/0560/t/2/assets/theme-defaultcf74.css]
[cdn.shopify.com/s/files/1/0053/5665/0560/t/2/assets/shop.png]
[cdn.shopify.com/s/files/1/0053/5665/0560/t/2/assets/theme-custom48e4.css]
[cdn.shopify.com/s/files/1/0053/5665/0560/t/2/assets/theme-responsive2770.css]
[cdn.shopify.com/s/files/1/0053/5665/0560/files/inner-bg-cut_0a90a301-c13c-4d19-ac54-65f162bd8521415a.jpg]
[cdn.shopify.com/s/files/1/0053/5665/0560/t/2/assets/skin-theme9a11.css]
[cdn.shopify.com/s/files/1/0053/5665/0560/t/2/assets/theme-color67a9.css]
[sabujcha-demo.myshopify.com/POST.html]
[cdn.shopify.com/s/files/1/0053/5665/0560/t/2/compiled_assets/styles0a0a.css]
[cdn.shopify.com/s/files/1/0053/5665/0560/t/2/compiled_assets/scripts0a0a.js]
[sabujcha-demo.myshopify.com/indexcdf1.html]
[sabujcha-demo.myshopify.com/indexce58.html]
[sabujcha-demo.myshopify.com/indexc9b4.html]
[sabujcha-demo.myshopify.com/indexc9d2.html]
[sabujcha-demo.myshopify.com/indexdedb.html]
[sabujcha-demo.myshopify.com/indexa0a3.html]
[sabujcha-demo.myshopify.com/indexa5a5.html]
[sabujcha-demo.myshopify.com/pages/POST.af.delayed]
[cdn.shopify.com/s/files/1/0053/5665/0560/files/signature40bb.png]
[cdn.shopify.com/s/files/1/0053/5665/0560/files/about-usc868.jpg]
[cdn.shopify.com/s/files/1/0053/5665/0560/files/team-1_large1aa9.jpg]
[cdn.shopify.com/s/files/1/0053/5665/0560/files/team-2_large7068.jpg]
[cdn.shopify.com/s/files/1/0053/5665/0560/files/team-3_large9ef0.jpg]
[cdn.shopify.com/s/files/1/0053/5665/0560/files/37058.png]
[cdn.shopify.com/s/files/1/0053/5665/0560/files/45008.png]
[cdn.shopify.com/s/files/1/0053/5665/0560/files/17e99.png]
[sabujcha-demo.myshopify.com/pages/about.html]
[cdn.shopify.com/s/files/1/0053/5665/0560/t/3/assets/timber.scss0298.css]
[cdn.shopify.com/s/files/1/0053/5665/0560/t/3/assets/bootstrap.minc79f.css]
[cdn.shopify.com/s/files/1/0053/5665/0560/t/3/assets/animate2117.css]
[cdn.shopify.com/s/files/1/0053/5665/0560/t/3/assets/chosen.minfb6a.css]
[cdn.shopify.com/s/files/1/0053/5665/0560/t/3/assets/font-awesome.mina741.css]
[cdn.shopify.com/s/files/1/0053/5665/0560/t/3/assets/ionicons.minb771.css]
[cdn.shopify.com/s/files/1/0053/5665/0560/t/3/assets/jquery-uife68.css]
[cdn.shopify.com/s/files/1/0053/5665/0560/t/3/assets/meanmenu.min07f7.css]
[cdn.shopify.com/s/files/1/0053/5665/0560/t/3/assets/owl.carousel.min22a5.css]
[cdn.shopify.com/s/files/1/0053/5665/0560/t/3/assets/slick6c6a.css]
[cdn.shopify.com/s/files/1/0053/5665/0560/t/3/assets/themify-icons40bc.css]
[cdn.shopify.com/s/files/1/0053/5665/0560/t/3/assets/jquery.fancybox-1.3.40a0a.css]
[cdn.shopify.com/s/files/1/0053/5665/0560/t/3/assets/stylee19a.css]
[cdn.shopify.com/s/files/1/0053/5665/0560/t/3/assets/responsivef28c.css]
[cdn.shopify.com/s/files/1/0053/5665/0560/t/3/assets/theme-defaultcf74.css]
[cdn.shopify.com/s/files/1/0053/5665/0560/t/3/assets/theme-custom6923.css]
[cdn.shopify.com/s/files/1/0053/5665/0560/t/3/assets/theme-responsivedc50.css]
[cdn.shopify.com/s/files/1/0053/5665/0560/t/3/assets/skin-theme9a11.css]
[cdn.shopify.com/s/files/1/0053/5665/0560/t/3/assets/theme-color6130.css]
[sabujcha-demo.myshopify.com/collections/all.atom]
[sabujcha-demo.myshopify.com/collections/all4658.html]
[sabujcha-demo.myshopify.com/collections/POST]
[cdn.shopify.com/shopifycloud/shopify/assets/storefront/bars/preview_bar_injector-1e3a713add37dacb26a2846054e5bf73c968340c06cb4dbaa8b985dce031f4cd.js]
[cdn.shopify.com/s/files/1/0053/5665/0560/t/3/compiled_assets/styles0a0a.css]
[cdn.shopify.com/s/files/1/0053/5665/0560/t/3/assets/modernizr-3.5.0.minbe56.js]
[cdn.shopify.com/s/files/1/0053/5665/0560/t/3/assets/jquery-v1.12.4.min7e10.js]
[cdn.shopify.com/s/files/1/0053/5665/0560/t/3/assets/popper97a2.js]
[cdn.shopify.com/s/files/1/0053/5665/0560/t/3/assets/bootstrap.min9c20.js]
[cdn.shopify.com/s/files/1/0053/5665/0560/t/3/assets/owl.carousel.min29bc.js]
[cdn.shopify.com/s/files/1/0053/5665/0560/t/3/assets/jquery.nicescroll.minf5d9.js]
[cdn.shopify.com/s/files/1/0053/5665/0560/t/3/assets/jquery.magnific-popup.min61ce.js]
[cdn.shopify.com/s/files/1/0053/5665/0560/t/3/assets/isotope.pkgd.min17e2.js]
[cdn.shopify.com/s/files/1/0053/5665/0560/t/3/assets/imagesloaded.pkgd.min9519.js]
[cdn.shopify.com/s/files/1/0053/5665/0560/t/3/assets/main6d4f.js]
[cdn.shopify.com/s/files/1/0053/5665/0560/t/3/assets/plugins7666.js]
[cdn.shopify.com/s/files/1/0053/5665/0560/t/3/assets/jquery.countdown.min2b8a.js]
[cdn.shopify.com/s/files/1/0053/5665/0560/t/3/assets/cart.api3e51.js]
[cdn.shopify.com/s/files/1/0053/5665/0560/t/3/assets/themed291.js]
[cdn.shopify.com/s/files/1/0053/5665/0560/products/product-detalis-bl2_ad6a2a94-c7d6-4c41-b62c-f44f954d9901_270X287_crop_center1f17.jpg]
[sabujcha-demo.myshopify.com/products/10-this-is-the-large-title-for-testing-large-title-and-there-is-an-image-for-testing.html]
[cdn.shopify.com/s/files/1/0053/5665/0560/products/product-detalis-bl3_bb9331b3-7dcc-4d4b-b4e1-151fa7911b58_270X287_crop_centerf7fb.jpg]
[cdn.shopify.com/s/files/1/0053/5665/0560/products/product-detalis-bl1_55c67e61-9b65-40d7-adcc-59ca5472265b_270X287_crop_center060c.jpg]
[sabujcha-demo.myshopify.com/products/6-variable-with-soldout-product.html]
[cdn.shopify.com/s/files/1/0053/5665/0560/products/product-detalis-bl2_49ad2c6e-bb22-4e9e-bb56-8e89e5d9e8e9_270X287_crop_center1b30.jpg]
[sabujcha-demo.myshopify.com/collections/all9ba9.html]
[sabujcha-demo.myshopify.com/collections/frontpage.html]
[sabujcha-demo.myshopify.com/collections/vendors6ef6.html]
[sabujcha-demo.myshopify.com/collections/vendorsdb25.html]
[sabujcha-demo.myshopify.com/collections/vendorsfcd8.html]
[sabujcha-demo.myshopify.com/collections/vendors1d81.html]
[sabujcha-demo.myshopify.com/collections/vendors35a5.html]
[sabujcha-demo.myshopify.com/collections/all/red.html]
[sabujcha-demo.myshopify.com/collections/all/green.html]
[sabujcha-demo.myshopify.com/collections/all/blue.html]
[sabujcha-demo.myshopify.com/collections/all/yellow.html]
[sabujcha-demo.myshopify.com/collections/all/white.html]
[sabujcha-demo.myshopify.com/collections/all/gold.html]
[sabujcha-demo.myshopify.com/collections/all/gray.html]
[sabujcha-demo.myshopify.com/collections/all/magenta.html]
[sabujcha-demo.myshopify.com/collections/all/maroon.html]
[sabujcha-demo.myshopify.com/collections/all/navy.html]
[sabujcha-demo.myshopify.com/collections/all/s.html]
[sabujcha-demo.myshopify.com/collections/all/m.html]
[sabujcha-demo.myshopify.com/collections/all/l.html]
[sabujcha-demo.myshopify.com/collections/all/xl.html]
[cdn.shopify.com/s/files/1/0053/5665/0560/files/green-tea-benefits145c.jpg]
[sabujcha-demo.myshopify.com/collections/all/xxl.html]
[sabujcha-demo.myshopify.com/collections/all/100gm.html]
[sabujcha-demo.myshopify.com/collections/all/250gm.html]
[sabujcha-demo.myshopify.com/collections/all/50gm.html]
[sabujcha-demo.myshopify.com/collections/all/cyan.html]
[sabujcha-demo.myshopify.com/collections/all/wheat.html]
[sabujcha-demo.myshopify.com/collections/all/black.html]
[cdn.shopify.com/s/files/1/0053/5665/0560/t/3/assets/fastclick.min1125.js]
[sabujcha-demo.myshopify.com/collections/all/fiber.html]
[cdn.shopify.com/s/files/1/0053/5665/0560/t/3/assets/timber6083.js]
[cdn.shopify.com/s/files/1/0053/5665/0560/t/3/assets/wishlistfdb7.js]
[cdn.shopify.com/s/files/1/0053/5665/0560/t/3/assets/jquery.currencies.min1a82.js]
[sabujcha-demo.myshopify.com/collections/all.html]
[cdn.shopify.com/s/files/1/0053/5665/0560/products/product-detalis-bl3_grande4640.jpg]
[cdn.shopify.com/s/files/1/0053/5665/0560/products/product-detalis-bl2_grande3117.jpg]
[cdn.shopify.com/s/files/1/0053/5665/0560/products/product-detalis-bl1_grande0966.jpg]
[cdn.shopify.com/s/files/1/0053/5665/0560/t/9/assets/timber.scss0afa.css]
[cdn.shopify.com/s/files/1/0053/5665/0560/t/9/assets/bootstrap.minc79f.css]
[cdn.shopify.com/s/files/1/0053/5665/0560/t/9/assets/animate2117.css]
[cdn.shopify.com/s/files/1/0053/5665/0560/t/9/assets/chosen.minfb6a.css]
[cdn.shopify.com/s/files/1/0053/5665/0560/t/9/assets/font-awesome.mina741.css]
[cdn.shopify.com/s/files/1/0053/5665/0560/t/9/assets/ionicons.minb771.css]
[cdn.shopify.com/s/files/1/0053/5665/0560/t/9/assets/jquery-uife68.css]
[cdn.shopify.com/s/files/1/0053/5665/0560/t/9/assets/meanmenu.min07f7.css]
[cdn.shopify.com/s/files/1/0053/5665/0560/t/9/assets/owl.carousel.min22a5.css]
[cdn.shopify.com/s/files/1/0053/5665/0560/t/9/assets/slick6c6a.css]
[cdn.shopify.com/s/files/1/0053/5665/0560/t/9/assets/themify-icons40bc.css]
[cdn.shopify.com/s/files/1/0053/5665/0560/t/9/assets/jquery.fancybox-1.3.40a0a.css]
[cdn.shopify.com/s/files/1/0053/5665/0560/t/9/assets/magnify7b88.css]
[cdn.shopify.com/s/files/1/0053/5665/0560/t/9/assets/style271f.css]
[cdn.shopify.com/s/files/1/0053/5665/0560/t/9/assets/responsive8230.css]
[cdn.shopify.com/s/files/1/0053/5665/0560/t/9/assets/theme-defaultcf74.css]
[cdn.shopify.com/s/files/1/0053/5665/0560/t/9/assets/theme-custom0e03.css]
[cdn.shopify.com/s/files/1/0053/5665/0560/t/9/assets/theme-responsive2dee.css]
[cdn.shopify.com/s/files/1/0053/5665/0560/t/9/assets/skin-theme9a11.css]
[cdn.shopify.com/s/files/1/0053/5665/0560/t/9/assets/theme-color67a9.css]
[sabujcha-demo.myshopify.com/products/1-new-and-sale-badge-product.oembed]
[sabujcha-demo.myshopify.com/products/POST.13b.delayed]
[cdn.shopify.com/s/files/1/0053/5665/0560/t/9/compiled_assets/styles0a0a.css]
[cdn.shopify.com/s/files/1/0053/5665/0560/t/9/assets/modernizr-3.5.0.minbe56.js]
[cdn.shopify.com/s/files/1/0053/5665/0560/t/9/assets/popper97a2.js]
[cdn.shopify.com/s/files/1/0053/5665/0560/t/9/assets/jquery-v1.12.4.min7e10.js]
[cdn.shopify.com/s/files/1/0053/5665/0560/t/9/assets/bootstrap.min9c20.js]
[cdn.shopify.com/s/files/1/0053/5665/0560/t/9/assets/owl.carousel.min29bc.js]
[cdn.shopify.com/s/files/1/0053/5665/0560/t/9/assets/jquery.nicescroll.minf5d9.js]
[cdn.shopify.com/s/files/1/0053/5665/0560/t/9/assets/jquery.magnific-popup.min61ce.js]
[cdn.shopify.com/s/files/1/0053/5665/0560/t/9/assets/isotope.pkgd.min17e2.js]
[cdn.shopify.com/s/files/1/0053/5665/0560/t/9/assets/imagesloaded.pkgd.min9519.js]
[cdn.shopify.com/s/files/1/0053/5665/0560/t/9/assets/mainbf01.js]
[cdn.shopify.com/s/files/1/0053/5665/0560/t/9/assets/plugins7666.js]
[cdn.shopify.com/s/files/1/0053/5665/0560/t/9/assets/jquery.countdown.min2b8a.js]
[cdn.shopify.com/s/files/1/0053/5665/0560/t/9/assets/cart.api3e51.js]
[cdn.shopify.com/s/files/1/0053/5665/0560/t/9/assets/themed291.js]
[cdn.shopify.com/s/files/1/0053/5665/0560/files/logo_d45e5074-5502-4391-be17-5ce7532f4034_300x300db3b.png]
[cdn.shopify.com/s/files/1/0053/5665/0560/products/product-detalis-bl1_1024x10240966.jpg]
[cdn.shopify.com/s/files/1/0053/5665/0560/products/product-detalis-bl2_1024x10243117.jpg]
[cdn.shopify.com/s/files/1/0053/5665/0560/products/product-detalis-bl3_1024x10244640.jpg]
[cdn.shopify.com/s/files/1/0053/5665/0560/products/product-detalis-bl4_1024x10243f64.jpg]
[cdn.shopify.com/s/files/1/0053/5665/0560/t/9/assets/jquery.elevateZoom-3.0.8.minc06e.js]
[cdn.shopify.com/s/files/1/0053/5665/0560/t/9/assets/jquery.fancyboxec00.css]
[cdn.shopify.com/s/files/1/0053/5665/0560/t/9/assets/jquery.fancybox.min9c4d.js]
[cdn.shopify.com/s/files/1/0053/5665/0560/t/9/assets/ResizeSensor-StickySidebar3716.js]
[demo-store.disqus.com/embed.js]
[sabujcha-demo.myshopify.com/collections/latest-products/products/3-variable-product.html]
[sabujcha-demo.myshopify.com/collections/latest-products/products/aliexpress-dropshipping-by-oberlo-cpy.html]
[sabujcha-demo.myshopify.com/collections/latest-products/products/2-new-badge-product.html]
[sabujcha-demo.myshopify.com/collections/latest-products/products/demo-product-title.html]
[sabujcha-demo.myshopify.com/collections/latest-products/products/demo-product-title-2.html]
[sabujcha-demo.myshopify.com/collections/latest-products/products/9-without-shortcode-product.html]
[sabujcha-demo.myshopify.com/collections/latest-products/products/4-soldout-product.html]
[cdn.shopify.com/s/files/1/0053/5665/0560/t/9/assets/fastclick.min1125.js]
[cdn.shopify.com/s/files/1/0053/5665/0560/t/9/assets/timber6083.js]
[cdn.shopify.com/s/files/1/0053/5665/0560/t/9/assets/wishlistfdb7.js]
[sabujcha-demo.myshopify.com/products/1-new-and-sale-badge-product.html]
[cdn.shopify.com/s/files/1/0053/5665/0560/products/product-detalis-bl4_43db3d90-07c3-47bd-9b1d-52f3310f3764_grandef7fb.jpg]
[cdn.shopify.com/s/files/1/0053/5665/0560/products/product-detalis-l1_grandef7fb.jpg]
[cdn.shopify.com/s/files/1/0053/5665/0560/products/product-detalis-bl3_bb9331b3-7dcc-4d4b-b4e1-151fa7911b58_grandef7fb.jpg]
[sabujcha-demo.myshopify.com/products/11-product-with-video.oembed]
[cdn.shopify.com/s/files/1/0053/5665/0560/products/product-detalis-bl3_bb9331b3-7dcc-4d4b-b4e1-151fa7911b58_1024x1024f7fb.jpg]
[cdn.shopify.com/s/files/1/0053/5665/0560/products/product-detalis-l1_1024x1024f7fb.jpg]
[cdn.shopify.com/s/files/1/0053/5665/0560/products/product-detalis-bl4_43db3d90-07c3-47bd-9b1d-52f3310f3764_1024x1024f7fb.jpg]
[cdn.shopify.com/s/files/1/0053/5665/0560/products/product-detalis-bl5_5329427b-c3d5-4fbe-9426-f27b737552c1_1024x1024f7fb.jpg]
[sabujcha-demo.myshopify.com/products/11-product-with-video.html]
[cdn.shopify.com/s/files/1/0053/5665/0560/products/product-detalis-bl2_-_Copy_2fea0ccb-d0e0-4034-8ff1-5e240580a082_grandedd53.jpg]
[cdn.shopify.com/s/files/1/0053/5665/0560/products/product-detalis-bl1_579406c3-77e1-42af-8b82-6ddfb6333110_grandedd53.jpg]
[cdn.shopify.com/s/files/1/0053/5665/0560/products/product-detalis-bl3_-_Copy_ef6a226f-baba-4688-a30a-ee0184c0860d_grandedd53.jpg]
[sabujcha-demo.myshopify.com/products/demo-product-title-3.oembed]
[cdn.shopify.com/s/files/1/0053/5665/0560/products/product-detalis-bl3_-_Copy_ef6a226f-baba-4688-a30a-ee0184c0860d_1024x1024dd53.jpg]
[cdn.shopify.com/s/files/1/0053/5665/0560/products/product-detalis-bl1_579406c3-77e1-42af-8b82-6ddfb6333110_1024x1024dd53.jpg]
[cdn.shopify.com/s/files/1/0053/5665/0560/products/product-detalis-bl2_-_Copy_2fea0ccb-d0e0-4034-8ff1-5e240580a082_1024x1024dd53.jpg]
[cdn.shopify.com/s/files/1/0053/5665/0560/products/product-detalis-bl4_4afb0b2a-6103-4718-9c4b-2a80c215c5ae_1024x1024dd53.jpg]
[sabujcha-demo.myshopify.com/collections/new-products/products/3-variable-product.html]
[sabujcha-demo.myshopify.com/collections/new-products/products/2-new-badge-product.html]
[sabujcha-demo.myshopify.com/collections/new-products/products/5-simple-product.html]
[sabujcha-demo.myshopify.com/collections/new-products/products/product-title-here.html]
[sabujcha-demo.myshopify.com/collections/new-products/products/7-sample-affiliate-product.html]
[sabujcha-demo.myshopify.com/collections/new-products/products/product-title-here-3.html]
[sabujcha-demo.myshopify.com/products/demo-product-title-3.html]
[cdn.shopify.com/s/files/1/0053/5665/0560/products/product-detalis-bl2_-_Copy_a1a6a6e4-60d6-40e7-8a8e-2d27c0719391_grandea72f.jpg]
[sabujcha-demo.myshopify.com/collections/new-products/products/dummy-text-for-title-3.html]
[cdn.shopify.com/s/files/1/0053/5665/0560/products/product-detalis-bl1_e7fc617c-08d6-4e39-8a03-29b2412755a8_grandea72f.jpg]
[cdn.shopify.com/s/files/1/0053/5665/0560/products/product-detalis-bl4_1778ff55-64d8-4276-88b7-fdcd0cc1d295_grandea72f.jpg]
[sabujcha-demo.myshopify.com/products/9-without-shortcode-product.oembed]
[cdn.shopify.com/s/files/1/0053/5665/0560/products/product-detalis-bl4_1778ff55-64d8-4276-88b7-fdcd0cc1d295_1024x1024a72f.jpg]
[cdn.shopify.com/s/files/1/0053/5665/0560/products/product-detalis-bl1_e7fc617c-08d6-4e39-8a03-29b2412755a8_1024x1024a72f.jpg]
[cdn.shopify.com/s/files/1/0053/5665/0560/products/product-detalis-bl2_-_Copy_a1a6a6e4-60d6-40e7-8a8e-2d27c0719391_1024x1024a72f.jpg]
[cdn.shopify.com/s/files/1/0053/5665/0560/products/product-detalis-bl3_-_Copy_c1f002e3-7931-41c2-a8cd-420c55ca52a8_1024x1024a72f.jpg]
[sabujcha-demo.myshopify.com/collections/latest-products/products/1-new-and-sale-badge-product.html]
[sabujcha-demo.myshopify.com/products/9-without-shortcode-product.html]
[cdn.shopify.com/s/files/1/0053/5665/0560/products/product-detalis-bl3_fafa7425-7447-4a1d-b744-489b9f4447f1_grande1b30.jpg]
[cdn.shopify.com/s/files/1/0053/5665/0560/products/product-detalis-bl1_1e756f00-9078-49b9-a293-95f92488811d_grande1b30.jpg]
[cdn.shopify.com/s/files/1/0053/5665/0560/products/product-detalis-bl2_49ad2c6e-bb22-4e9e-bb56-8e89e5d9e8e9_grande1b30.jpg]
[sabujcha-demo.myshopify.com/products/8-countdown-product.oembed]
[cdn.shopify.com/s/files/1/0053/5665/0560/products/product-detalis-bl2_49ad2c6e-bb22-4e9e-bb56-8e89e5d9e8e9_1024x10241b30.jpg]
[cdn.shopify.com/s/files/1/0053/5665/0560/products/product-detalis-bl1_1e756f00-9078-49b9-a293-95f92488811d_1024x10241b30.jpg]
[cdn.shopify.com/s/files/1/0053/5665/0560/products/product-detalis-bl3_fafa7425-7447-4a1d-b744-489b9f4447f1_1024x10241b30.jpg]
[cdn.shopify.com/s/files/1/0053/5665/0560/products/product-detalis-bl5_715515ca-6523-43b6-a0f7-81b6a558abf6_1024x10241b30.jpg]
[sabujcha-demo.myshopify.com/products/8-countdown-product.html]
[cdn.shopify.com/s/files/1/0053/5665/0560/products/1_1b2b6857-2ad5-4e22-8808-8de3f8ccf12e_grande73c6.jpg]
[cdn.shopify.com/s/files/1/0053/5665/0560/products/5_13dbc649-52b1-4d43-927c-edb3c0878265_grande73c6.jpg]
[cdn.shopify.com/s/files/1/0053/5665/0560/products/4_e210f897-f390-4a55-b8dc-78e99a5f2644_grande73c6.jpg]
[sabujcha-demo.myshopify.com/products/aliexpress-dropshipping-by-oberlo-cpy.oembed]
[cdn.shopify.com/s/files/1/0053/5665/0560/products/5_13dbc649-52b1-4d43-927c-edb3c0878265_1024x102473c6.jpg]
[cdn.shopify.com/s/files/1/0053/5665/0560/products/4_e210f897-f390-4a55-b8dc-78e99a5f2644_1024x102473c6.jpg]
[cdn.shopify.com/s/files/1/0053/5665/0560/products/1_1b2b6857-2ad5-4e22-8808-8de3f8ccf12e_1024x102473c6.jpg]
[cdn.shopify.com/s/files/1/0053/5665/0560/products/2_bc56ef4e-9d0a-48d9-838e-65241bf3baa6_1024x102473c6.jpg]
[cdn.shopify.com/s/files/1/0053/5665/0560/products/3_1723d4d6-26e1-45c6-be4a-b8719e10021d_1024x102473c6.jpg]
[cdn.shopify.com/s/files/1/0053/5665/0560/products/5_13dbc649-52b1-4d43-927c-edb3c0878265_thumb73c6.jpg]
[cdn.shopify.com/s/files/1/0053/5665/0560/products/4_e210f897-f390-4a55-b8dc-78e99a5f2644_thumb73c6.jpg]
[cdn.shopify.com/s/files/1/0053/5665/0560/products/3_1723d4d6-26e1-45c6-be4a-b8719e10021d_thumb73c6.jpg]
[cdn.shopify.com/s/files/1/0053/5665/0560/products/2_bc56ef4e-9d0a-48d9-838e-65241bf3baa6_thumb73c6.jpg]
[cdn.shopify.com/s/files/1/0053/5665/0560/products/1_1b2b6857-2ad5-4e22-8808-8de3f8ccf12e_thumb73c6.jpg]
[sabujcha-demo.myshopify.com/products/aliexpress-dropshipping-by-oberlo-cpy.html]
[cdn.shopify.com/s/files/1/0053/5665/0560/products/2_grande9368.jpg]
[cdn.shopify.com/s/files/1/0053/5665/0560/products/1_d95caace-cfb0-4748-a623-e89d9c2154ba_grande9368.jpg]
[cdn.shopify.com/s/files/1/0053/5665/0560/products/3_grande9368.jpg]
[sabujcha-demo.myshopify.com/products/demo-product-title-2.oembed]
[cdn.shopify.com/s/files/1/0053/5665/0560/products/3_1024x10249368.jpg]
[cdn.shopify.com/s/files/1/0053/5665/0560/products/1_d95caace-cfb0-4748-a623-e89d9c2154ba_1024x10249368.jpg]
[cdn.shopify.com/s/files/1/0053/5665/0560/products/2_1024x10249368.jpg]
[cdn.shopify.com/s/files/1/0053/5665/0560/products/4_1024x10249368.jpg]
[sabujcha-demo.myshopify.com/products/demo-product-title-2.html]
[cdn.shopify.com/s/files/1/0053/5665/0560/products/product-detalis-bl2_-_Copy_31d41fb4-7837-4e7c-8086-a6779e05010f_grandea573.jpg]
[cdn.shopify.com/s/files/1/0053/5665/0560/products/3_d6ec23be-bce2-4228-9501-597c9d1db403_grandea573.jpg]
[cdn.shopify.com/s/files/1/0053/5665/0560/products/4_44df9fff-a342-4aba-bafd-280c68eb0ff1_grandea573.jpg]
[sabujcha-demo.myshopify.com/products/demo-product-title-1.oembed]
[cdn.shopify.com/s/files/1/0053/5665/0560/products/4_44df9fff-a342-4aba-bafd-280c68eb0ff1_1024x1024a573.jpg]
[cdn.shopify.com/s/files/1/0053/5665/0560/products/3_d6ec23be-bce2-4228-9501-597c9d1db403_1024x1024a573.jpg]
[cdn.shopify.com/s/files/1/0053/5665/0560/products/product-detalis-bl2_-_Copy_31d41fb4-7837-4e7c-8086-a6779e05010f_1024x1024a573.jpg]
[cdn.shopify.com/s/files/1/0053/5665/0560/products/product-detalis-bl3_-_Copy_764dcdfb-4280-4185-af8f-aaf1bb112568_1024x1024a573.jpg]
[sabujcha-demo.myshopify.com/products/demo-product-title-1.html]
[cdn.shopify.com/s/files/1/0053/5665/0560/products/product-detalis-bl2_fc56f58e-edf6-4a36-a48d-94e7b6d625bb_grande9a31.jpg]
[cdn.shopify.com/s/files/1/0053/5665/0560/products/4_4d820503-3eca-4acc-ab6f-a23011822ea2_grande8fac.jpg]
[cdn.shopify.com/s/files/1/0053/5665/0560/products/1_729b29f3-81d8-49b6-8f92-5a3c35bc6109_grande8fcf.jpg]
[sabujcha-demo.myshopify.com/products/dummy-text-for-title-1.oembed]
[cdn.shopify.com/s/files/1/0053/5665/0560/products/1_729b29f3-81d8-49b6-8f92-5a3c35bc6109_1024x10248fcf.jpg]
[cdn.shopify.com/s/files/1/0053/5665/0560/products/4_4d820503-3eca-4acc-ab6f-a23011822ea2_1024x10248fac.jpg]
[cdn.shopify.com/s/files/1/0053/5665/0560/products/product-detalis-bl2_fc56f58e-edf6-4a36-a48d-94e7b6d625bb_1024x10249a31.jpg]
[cdn.shopify.com/s/files/1/0053/5665/0560/products/product-detalis-bl4_e570a6d6-79ac-4e93-b9fa-e175d4e9a8b0_1024x102466a5.jpg]
[sabujcha-demo.myshopify.com/products/dummy-text-for-title-1.html]
[cdn.shopify.com/s/files/1/0053/5665/0560/products/2_34e59f94-013f-4d7a-8e3c-78ea98f9ee3d_grande073f.jpg]
[cdn.shopify.com/s/files/1/0053/5665/0560/products/1_6041a2f5-d8c0-42fb-b22f-fd403a5be78f_grande073f.jpg]
[cdn.shopify.com/s/files/1/0053/5665/0560/products/v5_a6224622-cf77-44d0-aede-91a4f9c6d2c7_grande073f.jpg]
[sabujcha-demo.myshopify.com/products/dummy-text-for-title-2.oembed]
[cdn.shopify.com/s/files/1/0053/5665/0560/products/v5_a6224622-cf77-44d0-aede-91a4f9c6d2c7_1024x1024073f.jpg]
[cdn.shopify.com/s/files/1/0053/5665/0560/products/1_6041a2f5-d8c0-42fb-b22f-fd403a5be78f_1024x1024073f.jpg]
[cdn.shopify.com/s/files/1/0053/5665/0560/products/2_34e59f94-013f-4d7a-8e3c-78ea98f9ee3d_1024x1024073f.jpg]
[cdn.shopify.com/s/files/1/0053/5665/0560/products/product-detalis-bl5_28adf81f-abe9-4bf2-a8a6-c6ded53a479f_1024x1024073f.jpg]
[sabujcha-demo.myshopify.com/products/dummy-text-for-title-2.html]
[cdn.shopify.com/s/files/1/0053/5665/0560/products/product-detalis-bl2_d65a7792-343e-4d3d-9f94-c7f804f08314_granded616.jpg]
[cdn.shopify.com/s/files/1/0053/5665/0560/products/4_9da2b34c-0170-4ca4-9e21-0968ccebd2a5_grande22ff.jpg]
[cdn.shopify.com/s/files/1/0053/5665/0560/products/3_f6e9d535-1d25-4a07-a234-fd02980df679_grande905c.jpg]
[sabujcha-demo.myshopify.com/products/dummy-text-for-title-3.oembed]
[cdn.shopify.com/s/files/1/0053/5665/0560/products/3_f6e9d535-1d25-4a07-a234-fd02980df679_1024x1024905c.jpg]
[cdn.shopify.com/s/files/1/0053/5665/0560/products/4_9da2b34c-0170-4ca4-9e21-0968ccebd2a5_1024x102422ff.jpg]
[cdn.shopify.com/s/files/1/0053/5665/0560/products/product-detalis-bl2_d65a7792-343e-4d3d-9f94-c7f804f08314_1024x1024d616.jpg]
[cdn.shopify.com/s/files/1/0053/5665/0560/products/product-detalis-bl3_-_Copy_8f76c164-f2c7-4666-a79b-f6691e899a6d_1024x1024d1f7.jpg]
[sabujcha-demo.myshopify.com/products/dummy-text-for-title-3.html]
[sabujcha-demo.myshopify.com/collections/new-products/products/demo-product-title-3.html]
[cdn.shopify.com/s/files/1/0053/5665/0560/products/4_4ee01657-ed7a-44c4-ad35-7119ffa49715_grande462a.jpg]
[cdn.shopify.com/s/files/1/0053/5665/0560/products/1_555e09f8-c188-4745-a820-602cb2f295f0_grande462a.jpg]
[cdn.shopify.com/s/files/1/0053/5665/0560/products/product-detalis-bl4_727c298b-f6eb-4714-8ccf-5957c0f2afc1_grande462a.jpg]
[sabujcha-demo.myshopify.com/products/dummy-text-for-title.oembed]
[cdn.shopify.com/s/files/1/0053/5665/0560/products/product-detalis-bl4_727c298b-f6eb-4714-8ccf-5957c0f2afc1_1024x1024462a.jpg]
[cdn.shopify.com/s/files/1/0053/5665/0560/products/1_555e09f8-c188-4745-a820-602cb2f295f0_1024x1024462a.jpg]
[cdn.shopify.com/s/files/1/0053/5665/0560/products/4_4ee01657-ed7a-44c4-ad35-7119ffa49715_1024x1024462a.jpg]
[cdn.shopify.com/s/files/1/0053/5665/0560/products/product-detalis-bl3_d2154705-9709-434b-a83a-e5a878fef8d9_1024x1024462a.jpg]
[sabujcha-demo.myshopify.com/products/dummy-text-for-title.html]
[cdn.shopify.com/s/files/1/0053/5665/0560/products/3_887b2f6d-c311-4a21-b3b0-c2fa59cc9641_grandeff35.jpg]
[cdn.shopify.com/s/files/1/0053/5665/0560/products/1_ff29f323-401a-4805-87e3-815f2b0a33d2_grandeff35.jpg]
[cdn.shopify.com/s/files/1/0053/5665/0560/products/2_8a075678-2fcb-4b13-82c9-0a7f4ea0a9e9_grandeff35.jpg]
[sabujcha-demo.myshopify.com/products/product-dummy-title-4.oembed]
[cdn.shopify.com/s/files/1/0053/5665/0560/products/2_8a075678-2fcb-4b13-82c9-0a7f4ea0a9e9_1024x1024ff35.jpg]
[cdn.shopify.com/s/files/1/0053/5665/0560/products/1_ff29f323-401a-4805-87e3-815f2b0a33d2_1024x1024ff35.jpg]
[cdn.shopify.com/s/files/1/0053/5665/0560/products/3_887b2f6d-c311-4a21-b3b0-c2fa59cc9641_1024x1024ff35.jpg]
[cdn.shopify.com/s/files/1/0053/5665/0560/products/4_f1f186e9-6b7b-477f-b1a6-478a5c0aea7f_1024x1024ff35.jpg]
[sabujcha-demo.myshopify.com/products/product-dummy-title-4.html]
[cdn.shopify.com/s/files/1/0053/5665/0560/products/product-detalis-bl5_8b61cf4d-3f27-4d40-a7e6-43a1e15395c1_grandee9c5.jpg]
[cdn.shopify.com/s/files/1/0053/5665/0560/products/product-detalis-bl4_630e66f8-8729-498f-9318-339d3fec35a5_grandeb028.jpg]
[cdn.shopify.com/s/files/1/0053/5665/0560/products/product-detalis-bl1_73a06bd5-0e65-4a21-bcf8-a40ae313ffe5_grande618d.jpg]
[sabujcha-demo.myshopify.com/products/product-title-here.oembed]
[cdn.shopify.com/s/files/1/0053/5665/0560/products/product-detalis-bl1_73a06bd5-0e65-4a21-bcf8-a40ae313ffe5_1024x1024618d.jpg]
[cdn.shopify.com/s/files/1/0053/5665/0560/products/product-detalis-bl4_630e66f8-8729-498f-9318-339d3fec35a5_1024x1024b028.jpg]
[cdn.shopify.com/s/files/1/0053/5665/0560/products/product-detalis-bl5_8b61cf4d-3f27-4d40-a7e6-43a1e15395c1_1024x1024e9c5.jpg]
[cdn.shopify.com/s/files/1/0053/5665/0560/products/v2_0c276400-13d0-44cf-b54b-e656aea89b78_1024x10246587.jpg]
[cdn.shopify.com/s/files/1/0082/5078/5910/files/mens-t-shirt-size-chart_ed0b1fdd-271a-4221-9d65-41a27bf4c685_2048x2048992e.png]
[sabujcha-demo.myshopify.com/products/product-title-here.html]
[cdn.shopify.com/s/files/1/0053/5665/0560/products/2_126d4e29-0610-49f2-8f3c-aa386210676c_grande9cdb.jpg]
[cdn.shopify.com/s/files/1/0053/5665/0560/products/1_ffcf7529-e11b-4024-b5fd-66231d231211_grande9cdb.jpg]
[cdn.shopify.com/s/files/1/0053/5665/0560/products/product-detalis-bl4_10b3feef-f9fc-44e4-bd71-b91a1c2263ad_grande9cdb.jpg]
[sabujcha-demo.myshopify.com/products/product-title-here-2.oembed]
[cdn.shopify.com/s/files/1/0053/5665/0560/products/product-detalis-bl4_10b3feef-f9fc-44e4-bd71-b91a1c2263ad_1024x10249cdb.jpg]
[cdn.shopify.com/s/files/1/0053/5665/0560/products/1_ffcf7529-e11b-4024-b5fd-66231d231211_1024x10249cdb.jpg]
[cdn.shopify.com/s/files/1/0053/5665/0560/products/2_126d4e29-0610-49f2-8f3c-aa386210676c_1024x10249cdb.jpg]
[cdn.shopify.com/s/files/1/0053/5665/0560/products/product-detalis-bl3_e17f722a-aeb7-4498-b915-bff44c490a38_1024x10249cdb.jpg]
[sabujcha-demo.myshopify.com/products/product-title-here-2.html]
[cdn.shopify.com/s/files/1/0053/5665/0560/products/1_grande717d.jpg]
[sabujcha-demo.myshopify.com/products/5-simple-product.oembed]
[cdn.shopify.com/s/files/1/0053/5665/0560/products/1_1024x1024717d.jpg]
[sabujcha-demo.myshopify.com/products/5-simple-product.html]
[cdn.shopify.com/s/files/1/0053/5665/0560/products/2_63ed3dc0-f00e-431d-9ee0-fa6f8d0d1a2d_grande898c.jpg]
[cdn.shopify.com/s/files/1/0053/5665/0560/products/1_f03470a0-6e0a-4cbc-aa2f-8ed9982596c7_grande898c.jpg]
[cdn.shopify.com/s/files/1/0053/5665/0560/products/5_grande898c.jpg]
[sabujcha-demo.myshopify.com/products/3-variable-product.oembed]
[cdn.shopify.com/s/files/1/0053/5665/0560/products/5_1024x1024898c.jpg]
[cdn.shopify.com/s/files/1/0053/5665/0560/products/1_f03470a0-6e0a-4cbc-aa2f-8ed9982596c7_1024x1024898c.jpg]
[cdn.shopify.com/s/files/1/0053/5665/0560/products/2_63ed3dc0-f00e-431d-9ee0-fa6f8d0d1a2d_1024x1024898c.jpg]
[cdn.shopify.com/s/files/1/0053/5665/0560/products/3_ec5c6eef-aa2b-4966-9178-33c42d86d488_1024x1024898c.jpg]
[cdn.shopify.com/s/files/1/0053/5665/0560/products/4_5c0316b3-5fba-4e9b-b2fc-93b3b5a4cc96_1024x1024898c.jpg]
[cdn.shopify.com/s/files/1/0053/5665/0560/products/5_thumb898c.jpg]
[cdn.shopify.com/s/files/1/0053/5665/0560/products/4_5c0316b3-5fba-4e9b-b2fc-93b3b5a4cc96_thumb898c.jpg]
[cdn.shopify.com/s/files/1/0053/5665/0560/products/3_ec5c6eef-aa2b-4966-9178-33c42d86d488_thumb898c.jpg]
[cdn.shopify.com/s/files/1/0053/5665/0560/products/2_63ed3dc0-f00e-431d-9ee0-fa6f8d0d1a2d_thumb898c.jpg]
[cdn.shopify.com/s/files/1/0053/5665/0560/products/1_f03470a0-6e0a-4cbc-aa2f-8ed9982596c7_thumb898c.jpg]
[sabujcha-demo.myshopify.com/products/3-variable-product.html]
[cdn.shopify.com/s/files/1/0053/5665/0560/products/product-detalis-bl2_-_Copy_grande9afc.jpg]
[cdn.shopify.com/s/files/1/0053/5665/0560/products/product-detalis-bl1_a21a60b7-b19a-434a-935d-63a3facbf409_grandeecfa.jpg]
[cdn.shopify.com/s/files/1/0053/5665/0560/products/product-detalis-bl4_f1882198-b737-46d2-915e-09657d067f36_grandee9f7.jpg]
[sabujcha-demo.myshopify.com/products/7-sample-affiliate-product.oembed]
[cdn.shopify.com/s/files/1/0053/5665/0560/products/product-detalis-bl4_f1882198-b737-46d2-915e-09657d067f36_1024x1024e9f7.jpg]
[cdn.shopify.com/s/files/1/0053/5665/0560/products/product-detalis-bl1_a21a60b7-b19a-434a-935d-63a3facbf409_1024x1024ecfa.jpg]
[cdn.shopify.com/s/files/1/0053/5665/0560/products/product-detalis-bl2_-_Copy_1024x10249afc.jpg]
[cdn.shopify.com/s/files/1/0053/5665/0560/products/product-detalis-bl3_-_Copy_1024x1024aa93.jpg]
[sabujcha-demo.myshopify.com/products/7-sample-affiliate-product.html]
[cdn.shopify.com/s/files/1/0053/5665/0560/products/product-detalis-bl3_c5f89f97-2f1e-45e8-afea-c9fbb56df8c6_grande1c12.jpg]
[cdn.shopify.com/s/files/1/0053/5665/0560/products/product-detalis-bl2_1838645f-1b25-4d6e-9202-30d65b846d7a_grandecc18.jpg]
[cdn.shopify.com/s/files/1/0053/5665/0560/products/product-detalis-bl1_f70dcd3c-be2f-4224-a72a-3b6fd32a1449_grande186f.jpg]
[sabujcha-demo.myshopify.com/products/4-soldout-product.oembed]
[cdn.shopify.com/s/files/1/0053/5665/0560/products/product-detalis-bl1_f70dcd3c-be2f-4224-a72a-3b6fd32a1449_1024x1024186f.jpg]
[cdn.shopify.com/s/files/1/0053/5665/0560/products/product-detalis-bl2_1838645f-1b25-4d6e-9202-30d65b846d7a_1024x1024cc18.jpg]
[cdn.shopify.com/s/files/1/0053/5665/0560/products/product-detalis-bl3_c5f89f97-2f1e-45e8-afea-c9fbb56df8c6_1024x10241c12.jpg]
[cdn.shopify.com/s/files/1/0053/5665/0560/products/product-detalis-bl5_d570f479-f161-43b6-bf79-6f397340660c_1024x1024b7d6.jpg]
[sabujcha-demo.myshopify.com/products/4-soldout-product.html]
[sabujcha-demo.myshopify.com/blogs/news.atom]
[sabujcha-demo.myshopify.com/blogs/news4658.html]
[sabujcha-demo.myshopify.com/blogs/POST]
[cdn.shopify.com/s/files/1/0053/5665/0560/articles/b1_1024x10243192.jpg]
[cdn.shopify.com/s/files/1/0053/5665/0560/articles/b3_1024x102407cb.jpg]
[cdn.shopify.com/s/files/1/0053/5665/0560/articles/b2_1024x1024afc8.jpg]
[sabujcha-demo.myshopify.com/blogs/news/what-is-the-ph-of-green-tea.html]
[cdn.shopify.com/s/files/1/0053/5665/0560/articles/b4_1024x102478a0.jpg]
[cdn.shopify.com/s/files/1/0053/5665/0560/files/blog-author_largeb2c5.png]
[cdn.shopify.com/s/files/1/0053/5665/0560/articles/b1_94X94_crop_center3192.jpg]
[cdn.shopify.com/s/files/1/0053/5665/0560/articles/b3_94X94_crop_center07cb.jpg]
[cdn.shopify.com/s/files/1/0053/5665/0560/articles/b2_94X94_crop_centerafc8.jpg]
[cdn.shopify.com/s/files/1/0053/5665/0560/articles/b4_94X94_crop_center78a0.jpg]
[sabujcha-demo.myshopify.com/blogs/news/matcha-vs-mate-all-you-need-to-know.html]
[sabujcha-demo.myshopify.com/blogs/news/consectetur-adipisicing-elit.html]
[cdn.shopify.com/s/files/1/0053/5665/0560/t/9/assets/instafeed.min0f10.js]
[sabujcha-demo.myshopify.com/blogs/news/lorem-ipsum-sit-ame-co.html]
[sabujcha-demo.myshopify.com/blogs/news/tagged/dark.html]
[sabujcha-demo.myshopify.com/blogs/news/tagged/green.html]
[sabujcha-demo.myshopify.com/blogs/news/tagged/lifestyle.html]
[sabujcha-demo.myshopify.com/blogs/news/tagged/new.html]
[sabujcha-demo.myshopify.com/blogs/news/tagged/oolong.html]
[sabujcha-demo.myshopify.com/blogs/news.html]
[cdn.shopify.com/s/files/1/0053/5665/0560/articles/blog-3_37c421ef-fdfa-4a1b-98cf-284254c36ebc_1024x102494f2.jpg]
[sabujcha-demo.myshopify.com/blogs/news/tagged/success.html]
[sabujcha-demo.myshopify.com/blogs/news/POST]
[cdn.shopify.com/s/files/1/0053/5665/0560/articles/blog-3_37c421ef-fdfa-4a1b-98cf-284254c36ebc94f2.jpg]
[cdn.shopify.com/s/files/1/0053/5665/0560/files/Screenshot_14c9a.jpg]
[sabujcha-demo.myshopify.com/blogs/news/new-collection-our-shop-1.html]
[sabujcha-demo.myshopify.com/pages/contact-us.html]
[cdn.shopify.com/shopifycloud/shopify/assets/themes_support/shopify_common-8ea6ac3faf357236a97f5de749df4da6e8436ca107bc3a4ee805cbf08bc47392.js]
[sabujcha-demo.myshopify.com/cart.html]
[sabujcha-demo.myshopify.com/collections/latest-products.atom]
[sabujcha-demo.myshopify.com/collections/latest-products.oembed]
[sabujcha-demo.myshopify.com/collections/latest-products.html]
[sabujcha-demo.myshopify.com/collections/all/finlay.html]
[sabujcha-demo.myshopify.com/collections/new-products.atom]
[sabujcha-demo.myshopify.com/collections/new-products.oembed]
[sabujcha-demo.myshopify.com/collections/new-products.html]
[sabujcha-demo.myshopify.com/account/POST]
[sabujcha-demo.myshopify.com/account/login.html]
[sabujcha-demo.myshopify.com/account/register.html]
[cdn.shopify.com/s/files/1/0053/5665/0560/products/product-detalis-l1_be7f4290-bcb8-421c-a372-a7be1503c983_grande8e7e.jpg]
[cdn.shopify.com/s/files/1/0053/5665/0560/products/product-detalis-l3_grande8e7e.jpg]
[cdn.shopify.com/s/files/1/0053/5665/0560/products/product-detalis-bl5_4095ce22-b72e-4246-8434-35de94291ed7_grande8e7e.jpg]
[sabujcha-demo.myshopify.com/products/2-new-badge-product.oembed]
[cdn.shopify.com/s/files/1/0053/5665/0560/products/product-detalis-bl5_4095ce22-b72e-4246-8434-35de94291ed7_1024x10248e7e.jpg]
[cdn.shopify.com/s/files/1/0053/5665/0560/products/product-detalis-l3_1024x10248e7e.jpg]
[cdn.shopify.com/s/files/1/0053/5665/0560/products/product-detalis-l1_be7f4290-bcb8-421c-a372-a7be1503c983_1024x10248e7e.jpg]
[cdn.shopify.com/s/files/1/0053/5665/0560/products/product-detalis-l2_1024x10248e7e.jpg]
[sabujcha-demo.myshopify.com/products/2-new-badge-product.html]
[cdn.shopify.com/s/files/1/0053/5665/0560/products/product-detalis-bl5_ee5d6b08-7650-4d4d-b199-14a945031ed6_grandecfe9.jpg]
[cdn.shopify.com/s/files/1/0053/5665/0560/products/product-detalis-bl4_75988fbc-9fe8-419b-948a-9b668a2bf3e4_grande594b.jpg]
[cdn.shopify.com/s/files/1/0053/5665/0560/products/2_09923345-96f3-4637-a1dd-9ed9c0eed133_grandec02f.jpg]
[sabujcha-demo.myshopify.com/products/demo-product-title.oembed]
[cdn.shopify.com/s/files/1/0053/5665/0560/products/2_09923345-96f3-4637-a1dd-9ed9c0eed133_1024x1024c02f.jpg]
[cdn.shopify.com/s/files/1/0053/5665/0560/products/product-detalis-bl4_75988fbc-9fe8-419b-948a-9b668a2bf3e4_1024x1024594b.jpg]
[cdn.shopify.com/s/files/1/0053/5665/0560/products/product-detalis-bl5_ee5d6b08-7650-4d4d-b199-14a945031ed6_1024x1024cfe9.jpg]
[cdn.shopify.com/s/files/1/0053/5665/0560/products/1_9dc59205-d834-4592-9b6b-d249e010499a_1024x102454ff.jpg]
[sabujcha-demo.myshopify.com/products/demo-product-title.html]
[cdn.shopify.com/s/files/1/0053/5665/0560/products/2_d0709168-546e-4848-94d6-d56e2b509856_grandec83d.jpg]
[cdn.shopify.com/s/files/1/0053/5665/0560/products/1_647abdc7-f274-4f51-b7b9-ac04f9abf5e0_grandec83d.jpg]
[cdn.shopify.com/s/files/1/0053/5665/0560/products/4_459564e8-6efd-41f2-9413-33a7c6a1f5bb_grandec83d.jpg]
[sabujcha-demo.myshopify.com/products/product-title-here-3.oembed]
[cdn.shopify.com/s/files/1/0053/5665/0560/products/4_459564e8-6efd-41f2-9413-33a7c6a1f5bb_1024x1024c83d.jpg]
[cdn.shopify.com/s/files/1/0053/5665/0560/products/1_647abdc7-f274-4f51-b7b9-ac04f9abf5e0_1024x1024c83d.jpg]
[cdn.shopify.com/s/files/1/0053/5665/0560/products/2_d0709168-546e-4848-94d6-d56e2b509856_1024x1024c83d.jpg]
[cdn.shopify.com/s/files/1/0053/5665/0560/products/3_3f9920c3-a1c9-4a4f-ae7f-d990e091bf0a_1024x1024c83d.jpg]
[cdn.shopify.com/s/files/1/0053/5665/0560/products/product-detalis-bl2_c3161ea7-5a53-4257-be8e-bc36e412708d_1024x1024c83d.jpg]
[sabujcha-demo.myshopify.com/products/product-title-here-3.html]
[cdn.shopify.com/s/files/1/0053/5665/0560/articles/b13192.jpg]
[sabujcha-demo.myshopify.com/blogs/news/ways-to-experience-the-matcha-heaven.html]
[cdn.shopify.com/s/files/1/0053/5665/0560/articles/b307cb.jpg]
[sabujcha-demo.myshopify.com/blogs/news/world-s-most-popular-tea-drinks.html]
[cdn.shopify.com/s/files/1/0053/5665/0560/articles/b2afc8.jpg]
[sabujcha-demo.myshopify.com/blogs/news/how-to-make-ginger-tea-and-matcha-ginger-tea.html]
[sabujcha-demo.myshopify.com/account/login4236.html]
[sabujcha-demo.myshopify.com/account/index.html]
[sabujcha-demo.myshopify.com/pages/wishlist.html]
[cdn.shopify.com/s/files/1/0053/5665/0560/t/2/assets/icons9076.svg]
[cdn.shopify.com/s/files/1/0053/5665/0560/t/2/assets/ico-selectde0d.svg]
[cdn.shopify.com/s/files/1/0053/5665/0560/t/2/assets/chosen-sprite.html]
[cdn.shopify.com/s/files/1/0053/5665/0560/t/2/assets/chosen-sprite@2x.html]
[cdn.shopify.com/s/files/1/0053/5665/0560/t/2/assets/fontawesome-webfont3295.svg]
[cdn.shopify.com/s/files/1/0053/5665/0560/t/2/assets/ionicons28b5.svg]
[cdn.shopify.com/s/files/1/0053/5665/0560/t/2/assets/images/ui-bg_inset-hard_100_fcfdfd_1x100.html]
[cdn.shopify.com/s/files/1/0053/5665/0560/t/2/assets/images/ui-bg_gloss-wave_55_5c9ccc_500x100.html]
[cdn.shopify.com/s/files/1/0053/5665/0560/t/2/assets/images/ui-bg_glass_85_dfeffc_1x400.html]
[cdn.shopify.com/s/files/1/0053/5665/0560/t/2/assets/images/ui-bg_glass_75_d0e5f5_1x400.html]
[cdn.shopify.com/s/files/1/0053/5665/0560/t/2/assets/images/ui-bg_inset-hard_100_f5f8f9_1x100.html]
[cdn.shopify.com/s/files/1/0053/5665/0560/t/2/assets/images/ui-bg_glass_95_fef1ec_1x400.html]
[cdn.shopify.com/s/files/1/0053/5665/0560/t/2/assets/images/ui-icons_469bdd_256x240.html]
[cdn.shopify.com/s/files/1/0053/5665/0560/t/2/assets/images/ui-icons_d8e7f3_256x240.html]
[cdn.shopify.com/s/files/1/0053/5665/0560/t/2/assets/images/ui-icons_6da8d5_256x240.html]
[cdn.shopify.com/s/files/1/0053/5665/0560/t/2/assets/images/ui-icons_217bc0_256x240.html]
[cdn.shopify.com/s/files/1/0053/5665/0560/t/2/assets/images/ui-icons_f9bd01_256x240.html]
[cdn.shopify.com/s/files/1/0053/5665/0560/t/2/assets/images/ui-icons_2e83ff_256x240.html]
[cdn.shopify.com/s/files/1/0053/5665/0560/t/2/assets/images/ui-icons_cd0a0a_256x240.html]
[cdn.shopify.com/s/files/1/0053/5665/0560/t/2/assets/owl.video.play.html]
[cdn.shopify.com/s/files/1/0053/5665/0560/t/2/assets/themify9f24.svg]
[cdn.shopify.com/s/files/1/0053/5665/0560/t/assets/img/bg/bg-1.html]
[cdn.shopify.com/s/files/1/0053/5665/0560/t/assets/img/bg/bg-2.html]
[cdn.shopify.com/s/files/1/0053/5665/0560/t/assets/img/bg/breadcrumb.html]
[cdn.shopify.com/s/files/1/0053/5665/0560/t/assets/img/icon-img/select.html]
[cdn.shopify.com/s/files/1/0053/5665/0560/t/assets/img/icon-img/shop.html]
[cdn.shopify.com/s/files/1/0053/5665/0560/t/assets/img/icon-img/cart.html]
[sabujcha-demo.myshopify.com/pages/POST.html]
[cdn.shopify.com/s/files/1/0053/5665/0560/t/3/assets/iconsab23.eot]
[cdn.shopify.com/s/files/1/0053/5665/0560/t/3/assets/iconsab23.woff]
[cdn.shopify.com/s/files/1/0053/5665/0560/t/3/assets/iconsab23.ttf]
[cdn.shopify.com/s/files/1/0053/5665/0560/t/3/assets/iconsab23.svg]
[cdn.shopify.com/s/files/1/0053/5665/0560/t/3/assets/ico-selectab23.svg]
[cdn.shopify.com/s/files/1/0053/5665/0560/t/3/assets/timber.scss0298.css]
[cdn.shopify.com/s/files/1/0053/5665/0560/t/3/assets/bootstrap.minc79f.css]
[cdn.shopify.com/s/files/1/0053/5665/0560/t/3/assets/animate2117.css]
[cdn.shopify.com/s/files/1/0053/5665/0560/t/3/assets/chosen-sprite.png]
[cdn.shopify.com/s/files/1/0053/5665/0560/t/3/assets/chosen-sprite@2x.png]
[cdn.shopify.com/s/files/1/0053/5665/0560/t/3/assets/chosen.minfb6a.css]
[cdn.shopify.com/s/files/1/0053/5665/0560/t/3/assets/fontawesome-webfont3295.woff2]
[cdn.shopify.com/s/files/1/0053/5665/0560/t/3/assets/fontawesome-webfont3295.woff]
[cdn.shopify.com/s/files/1/0053/5665/0560/t/3/assets/fontawesome-webfont3295.eot]
[cdn.shopify.com/s/files/1/0053/5665/0560/t/3/assets/fontawesome-webfontd41d.eot]
[cdn.shopify.com/s/files/1/0053/5665/0560/t/3/assets/font-awesome.mina741.css]
[cdn.shopify.com/s/files/1/0053/5665/0560/t/3/assets/fontawesome-webfont3295.ttf]
[cdn.shopify.com/s/files/1/0053/5665/0560/t/3/assets/fontawesome-webfont3295.svg]
[cdn.shopify.com/s/files/1/0053/5665/0560/t/3/assets/ionicons28b5.woff]
[cdn.shopify.com/s/files/1/0053/5665/0560/t/3/assets/ionicons28b5.eot]
[cdn.shopify.com/s/files/1/0053/5665/0560/t/3/assets/ionicons.minb771.css]
[cdn.shopify.com/s/files/1/0053/5665/0560/t/3/assets/images/ui-bg_inset-hard_100_fcfdfd_1x100.318.delayed]
[cdn.shopify.com/s/files/1/0053/5665/0560/t/3/assets/images/ui-bg_gloss-wave_55_5c9ccc_500x100.png]
[cdn.shopify.com/s/files/1/0053/5665/0560/t/3/assets/images/ui-bg_glass_85_dfeffc_1x400.png]
[cdn.shopify.com/s/files/1/0053/5665/0560/t/3/assets/images/ui-bg_glass_75_d0e5f5_1x400.png]
[cdn.shopify.com/s/files/1/0053/5665/0560/t/3/assets/images/ui-bg_inset-hard_100_f5f8f9_1x100.png]
[cdn.shopify.com/s/files/1/0053/5665/0560/t/3/assets/images/ui-bg_glass_95_fef1ec_1x400.png]
[cdn.shopify.com/s/files/1/0053/5665/0560/t/3/assets/ionicons28b5.svg]
[cdn.shopify.com/s/files/1/0053/5665/0560/t/3/assets/images/ui-icons_469bdd_256x240.png]
[cdn.shopify.com/s/files/1/0053/5665/0560/t/3/assets/images/ui-icons_d8e7f3_256x240.png]
[cdn.shopify.com/s/files/1/0053/5665/0560/t/3/assets/images/ui-icons_6da8d5_256x240.png]
[cdn.shopify.com/s/files/1/0053/5665/0560/t/3/assets/images/ui-icons_217bc0_256x240.png]
[cdn.shopify.com/s/files/1/0053/5665/0560/t/3/assets/ionicons28b5.ttf]
[cdn.shopify.com/s/files/1/0053/5665/0560/t/3/assets/images/ui-icons_f9bd01_256x240.png]
[cdn.shopify.com/s/files/1/0053/5665/0560/t/3/assets/images/ui-icons_2e83ff_256x240.png]
[cdn.shopify.com/s/files/1/0053/5665/0560/t/3/assets/images/ui-icons_cd0a0a_256x240.png]
[cdn.shopify.com/s/files/1/0053/5665/0560/t/3/assets/jquery-uife68.css]
[cdn.shopify.com/s/files/1/0053/5665/0560/t/3/assets/meanmenu.min07f7.css]
[cdn.shopify.com/s/files/1/0053/5665/0560/t/3/assets/owl.video.play.png]
[cdn.shopify.com/s/files/1/0053/5665/0560/t/3/assets/owl.carousel.min22a5.css]
[cdn.shopify.com/s/files/1/0053/5665/0560/t/3/assets/slick6c6a.css]
[cdn.shopify.com/s/files/1/0053/5665/0560/t/3/assets/themify9f24.eot]
[cdn.shopify.com/s/files/1/0053/5665/0560/t/3/assets/themify9f24.woff]
[cdn.shopify.com/s/files/1/0053/5665/0560/t/3/assets/themifyd41d.eot]
[cdn.shopify.com/s/files/1/0053/5665/0560/t/3/assets/themify-icons40bc.css]
[cdn.shopify.com/s/files/1/0053/5665/0560/t/3/assets/jquery.fancybox-1.3.40a0a.html]
[cdn.shopify.com/s/files/1/0053/5665/0560/t/3/assets/stylee19a.css]
[cdn.shopify.com/s/files/1/0053/5665/0560/t/3/assets/responsivef28c.css]
[cdn.shopify.com/s/files/1/0053/5665/0560/t/3/assets/qcv-arrow-down.png]
[cdn.shopify.com/s/files/1/0053/5665/0560/t/3/assets/theme-defaultcf74.css]
[cdn.shopify.com/s/files/1/0053/5665/0560/t/3/assets/shop.png]
[cdn.shopify.com/s/files/1/0053/5665/0560/t/3/assets/theme-custom6923.css]
[cdn.shopify.com/s/files/1/0053/5665/0560/t/3/assets/theme-responsivedc50.css]
[cdn.shopify.com/s/files/1/0053/5665/0560/t/3/assets/skin-theme9a11.css]
[cdn.shopify.com/s/files/1/0053/5665/0560/t/3/assets/theme-color6130.css]
[cdn.shopify.com/s/files/1/0053/5665/0560/t/3/assets/themify9f24.svg]
[sabujcha-demo.myshopify.com/collections/all2679.html]
[cdn.shopify.com/s/files/1/0053/5665/0560/t/3/assets/themify9f24.ttf]
[cdn.shopify.com/s/files/1/0053/5665/0560/products/4_44df9fff-a342-4aba-bafd-280c68eb0ff1_270X287_crop_centera573.jpg]
[cdn.shopify.com/s/files/1/0053/5665/0560/products/v6_b2d3cb4f-dfbc-411c-87b1-7f54051752b4_270X287_crop_center83b5.jpg]
[sabujcha-demo.myshopify.com/products/dummy-product-name-4.html]
[cdn.shopify.com/s/files/1/0053/5665/0560/products/2_c92250e4-9082-47dd-9a99-122445b2b32a_270X287_crop_centerf42f.jpg]
[sabujcha-demo.myshopify.com/products/dummy-product-name-3.html]
[cdn.shopify.com/s/files/1/0053/5665/0560/products/1_2a8c8790-0b7c-47b6-827b-3098bb37f521_270X287_crop_center9874.jpg]
[sabujcha-demo.myshopify.com/products/dummy-product-name-2.html]
[cdn.shopify.com/s/files/1/0053/5665/0560/products/product-detalis-bl2_b1109720-4afb-4d41-a433-9075551107b4_270X287_crop_centerb2a1.jpg]
[sabujcha-demo.myshopify.com/products/dummy-product-name-1.html]
[cdn.shopify.com/s/files/1/0053/5665/0560/products/product-detalis-bl3_3e846fce-6aa6-4cc9-b710-eb7618c3aa8b_270X287_crop_centerb148.jpg]
[sabujcha-demo.myshopify.com/products/dummy-product-name.html]
[cdn.shopify.com/s/files/1/0053/5665/0560/products/v5_a6224622-cf77-44d0-aede-91a4f9c6d2c7_270X287_crop_center073f.jpg]
[cdn.shopify.com/s/files/1/0053/5665/0560/products/1_729b29f3-81d8-49b6-8f92-5a3c35bc6109_270X287_crop_center8fcf.jpg]
[sabujcha-demo.myshopify.com/collections/all4658.html]
[sabujcha-demo.myshopify.com/collections/POST.html]
[cdn.shopify.com/s/files/1/0053/5665/0560/t/3/compiled_assets/styles0a0a.css]
[cdn.shopify.com/s/files/1/0053/5665/0560/t/3/compiled_assets/scripts0a0a.js]
[cdn.shopify.com/s/files/1/0053/5665/0560/products/product-detalis-bl3_720b9fcd-7915-4b06-bdac-d95c9c34649f_grande1f17.jpg]
[cdn.shopify.com/s/files/1/0053/5665/0560/products/product-detalis-bl4_2e715cdf-12a4-4335-91c3-b40e3a938985_grande1f17.jpg]
[cdn.shopify.com/s/files/1/0053/5665/0560/products/product-detalis-bl2_ad6a2a94-c7d6-4c41-b62c-f44f954d9901_grande1f17.jpg]
[sabujcha-demo.myshopify.com/products/10-this-is-the-large-title-for-testing-large-title-and-there-is-an-image-for-testing.oembed]
[cdn.shopify.com/s/files/1/0053/5665/0560/products/product-detalis-bl2_ad6a2a94-c7d6-4c41-b62c-f44f954d9901_1024x10241f17.jpg]
[cdn.shopify.com/s/files/1/0053/5665/0560/products/product-detalis-bl4_2e715cdf-12a4-4335-91c3-b40e3a938985_1024x10241f17.jpg]
[cdn.shopify.com/s/files/1/0053/5665/0560/products/product-detalis-bl3_720b9fcd-7915-4b06-bdac-d95c9c34649f_1024x10241f17.jpg]
[cdn.shopify.com/s/files/1/0053/5665/0560/products/product-detalis-bl5_1024x10241f17.jpg]
[sabujcha-demo.myshopify.com/products/10-this-is-the-large-title-for-testing-large-title-and-there-is-an-image-for-testing.html]
[cdn.shopify.com/s/files/1/0053/5665/0560/products/product-detalis-bl3_f9fa103d-8d34-4d8e-bbfc-ca0277ee2019_grande9a1c.jpg]
[cdn.shopify.com/s/files/1/0053/5665/0560/products/product-detalis-bl2_302f23eb-db12-46c3-81ef-32004cf70f69_grandee504.jpg]
[cdn.shopify.com/s/files/1/0053/5665/0560/products/product-detalis-bl1_55c67e61-9b65-40d7-adcc-59ca5472265b_grande060c.jpg]
[sabujcha-demo.myshopify.com/products/6-variable-with-soldout-product.oembed]
[cdn.shopify.com/s/files/1/0053/5665/0560/products/product-detalis-bl1_55c67e61-9b65-40d7-adcc-59ca5472265b_1024x1024060c.jpg]
[cdn.shopify.com/s/files/1/0053/5665/0560/products/product-detalis-bl2_302f23eb-db12-46c3-81ef-32004cf70f69_1024x1024e504.jpg]
[cdn.shopify.com/s/files/1/0053/5665/0560/products/product-detalis-bl3_f9fa103d-8d34-4d8e-bbfc-ca0277ee2019_1024x10249a1c.jpg]
[cdn.shopify.com/s/files/1/0053/5665/0560/products/product-detalis-bl5_c6eca79e-2078-4ef9-9ef4-d57e182ecfde_1024x1024a185.jpg]
[sabujcha-demo.myshopify.com/products/6-variable-with-soldout-product.html]
[cdn.shopify.com/s/files/1/0053/5665/0560/products/product-detalis-bl4_727c298b-f6eb-4714-8ccf-5957c0f2afc1_270X287_crop_center462a.jpg]
[cdn.shopify.com/s/files/1/0053/5665/0560/products/2_8a075678-2fcb-4b13-82c9-0a7f4ea0a9e9_270X287_crop_centerff35.jpg]
[cdn.shopify.com/s/files/1/0053/5665/0560/products/product-detalis-bl1_d9697e11-18d6-4efe-a9e7-641f6682eacf_270X287_crop_centerba79.jpg]
[sabujcha-demo.myshopify.com/products/product-dummy-title-3.html]
[cdn.shopify.com/s/files/1/0053/5665/0560/products/product-detalis-bl2_0c8ef2bc-d1a0-492e-810a-8fdf86a0d1c1_270X287_crop_centerb989.jpg]
[sabujcha-demo.myshopify.com/products/product-dummy-title-2.html]
[cdn.shopify.com/s/files/1/0053/5665/0560/products/1_fb5c75c6-828e-4c86-b80e-11b03ce51215_270X287_crop_centerc703.jpg]
[sabujcha-demo.myshopify.com/products/product-dummy-title-1.html]
[cdn.shopify.com/s/files/1/0053/5665/0560/products/product-detalis-bl3_-_Copy_f9752d0b-0add-4084-a445-4f87c45aa53b_270X287_crop_center0c34.jpg]
[sabujcha-demo.myshopify.com/products/product-dummy-title.html]
[cdn.shopify.com/s/files/1/0053/5665/0560/products/product-detalis-bl4_10b3feef-f9fc-44e4-bd71-b91a1c2263ad_270X287_crop_center9cdb.jpg]
[cdn.shopify.com/s/files/1/0053/5665/0560/products/v2_efda923a-e255-44e5-87a3-16c23bcd90b7_270X287_crop_center4bb1.jpg]
[sabujcha-demo.myshopify.com/products/product-title-here-1.html]
[sabujcha-demo.myshopify.com/products/test-product.html]
[cdn.shopify.com/s/files/1/0053/5665/0560/products/1_3cf0f8e5-e0ba-4123-8f77-da6ba7a98991_270X287_crop_centercd4c.jpg]
[sabujcha-demo.myshopify.com/collections/all9ba9.html]
[sabujcha-demo.myshopify.com/collections/frontpage.atom]
[sabujcha-demo.myshopify.com/collections/frontpage.oembed]
[sabujcha-demo.myshopify.com/collections/frontpage.html]
[sabujcha-demo.myshopify.com/collections/vendors6ef6.html]
[sabujcha-demo.myshopify.com/collections/all/pink.html]
[sabujcha-demo.myshopify.com/collections/all/purple.html]
[sabujcha-demo.myshopify.com/collections/vendorsdb25.html]
[sabujcha-demo.myshopify.com/collections/all/violet.html]
[sabujcha-demo.myshopify.com/collections/vendorsa8af.html]
[sabujcha-demo.myshopify.com/collections/vendorsfcd8.html]
[sabujcha-demo.myshopify.com/collections/vendors5906.html]
[sabujcha-demo.myshopify.com/collections/vendors1d81.html]
[sabujcha-demo.myshopify.com/collections/vendors7287.html]
[sabujcha-demo.myshopify.com/collections/vendors35a5.html]
[sabujcha-demo.myshopify.com/collections/all/red.atom]
[sabujcha-demo.myshopify.com/collections/all/POST.html]
[sabujcha-demo.myshopify.com/collections/all/red.html]
[sabujcha-demo.myshopify.com/collections/all/green.atom]
[sabujcha-demo.myshopify.com/collections/all/green.html]
[sabujcha-demo.myshopify.com/collections/all/blue.atom]
[sabujcha-demo.myshopify.com/collections/all/blue.html]
[sabujcha-demo.myshopify.com/collections/all/yellow.atom]
[sabujcha-demo.myshopify.com/collections/all/yellow.html]
[sabujcha-demo.myshopify.com/collections/all/white.atom]
[sabujcha-demo.myshopify.com/collections/all/white.html]
[sabujcha-demo.myshopify.com/collections/all/gold.atom]
[sabujcha-demo.myshopify.com/collections/all/gold.html]
[sabujcha-demo.myshopify.com/collections/all/gray.atom]
[sabujcha-demo.myshopify.com/collections/all/gray.html]
[sabujcha-demo.myshopify.com/collections/all/magenta.atom]
[sabujcha-demo.myshopify.com/collections/all/magenta.html]
[sabujcha-demo.myshopify.com/collections/all/maroon.atom]
[sabujcha-demo.myshopify.com/collections/all/maroon.html]
[sabujcha-demo.myshopify.com/collections/all/navy.atom]
[sabujcha-demo.myshopify.com/collections/all/navy.html]
[sabujcha-demo.myshopify.com/collections/all/s.atom]
[sabujcha-demo.myshopify.com/collections/all/leather.html]
[sabujcha-demo.myshopify.com/collections/all/s.html]
[sabujcha-demo.myshopify.com/collections/all/metal.html]
[sabujcha-demo.myshopify.com/collections/all/m.atom]
[sabujcha-demo.myshopify.com/collections/all/m4658.html]
[sabujcha-demo.myshopify.com/collections/all/m.html]
[sabujcha-demo.myshopify.com/collections/all/l.atom]
[sabujcha-demo.myshopify.com/collections/all/l4658.html]
[sabujcha-demo.myshopify.com/collections/all/l.html]
[sabujcha-demo.myshopify.com/collections/all/xl.atom]
[sabujcha-demo.myshopify.com/collections/all/xl.html]
[sabujcha-demo.myshopify.com/collections/all/xxl.atom]
[sabujcha-demo.myshopify.com/collections/all/xxl.html]
[sabujcha-demo.myshopify.com/collections/all/100gm.atom]
[sabujcha-demo.myshopify.com/collections/all/100gm.html]
[sabujcha-demo.myshopify.com/collections/all/250gm.atom]
[sabujcha-demo.myshopify.com/collections/all/250gm.html]
[sabujcha-demo.myshopify.com/collections/all/50gm.atom]
[sabujcha-demo.myshopify.com/collections/all/50gm.html]
[sabujcha-demo.myshopify.com/collections/all/cyan.atom]
[sabujcha-demo.myshopify.com/collections/all/cyan.html]
[sabujcha-demo.myshopify.com/collections/all/wheat.atom]
[sabujcha-demo.myshopify.com/collections/all/wheat.html]
[sabujcha-demo.myshopify.com/collections/all/black.atom]
[sabujcha-demo.myshopify.com/collections/all/black.html]
[sabujcha-demo.myshopify.com/collections/all/fiber.atom]
[sabujcha-demo.myshopify.com/collections/all/fiber.html]
[sabujcha-demo.myshopify.com/collections/all/orange.html]
[cdn.shopify.com/s/files/1/0053/5665/0560/t/9/assets/iconsdf6d.eot]
[cdn.shopify.com/s/files/1/0053/5665/0560/t/9/assets/iconsdf6d.woff]
[cdn.shopify.com/s/files/1/0053/5665/0560/t/9/assets/iconsdf6d.ttf]
[cdn.shopify.com/s/files/1/0053/5665/0560/t/9/assets/iconsdf6d.svg]
[cdn.shopify.com/s/files/1/0053/5665/0560/t/9/assets/ico-selectdf6d.svg]
[cdn.shopify.com/s/files/1/0053/5665/0560/t/9/assets/timber.scss0afa.css]
[cdn.shopify.com/s/files/1/0053/5665/0560/t/9/assets/bootstrap.minc79f.css]
[cdn.shopify.com/s/files/1/0053/5665/0560/t/9/assets/animate2117.css]
[cdn.shopify.com/s/files/1/0053/5665/0560/t/9/assets/chosen-sprite.png]
[cdn.shopify.com/s/files/1/0053/5665/0560/t/9/assets/chosen-sprite@2x.png]
[cdn.shopify.com/s/files/1/0053/5665/0560/t/9/assets/chosen.minfb6a.css]
[cdn.shopify.com/s/files/1/0053/5665/0560/t/9/assets/fontawesome-webfont3295.woff2]
[cdn.shopify.com/s/files/1/0053/5665/0560/t/9/assets/fontawesome-webfont3295.woff]
[cdn.shopify.com/s/files/1/0053/5665/0560/t/9/assets/fontawesome-webfont3295.eot]
[cdn.shopify.com/s/files/1/0053/5665/0560/t/9/assets/fontawesome-webfont3295.ttf]
[cdn.shopify.com/s/files/1/0053/5665/0560/t/9/assets/fontawesome-webfontd41d.eot]
[cdn.shopify.com/s/files/1/0053/5665/0560/t/9/assets/font-awesome.mina741.css]
[cdn.shopify.com/s/files/1/0053/5665/0560/t/9/assets/ionicons28b5.ttf]
[cdn.shopify.com/s/files/1/0053/5665/0560/t/9/assets/fontawesome-webfont3295.svg]
[cdn.shopify.com/s/files/1/0053/5665/0560/t/9/assets/ionicons28b5.eot]
[cdn.shopify.com/s/files/1/0053/5665/0560/t/9/assets/ionicons28b5.woff]
[cdn.shopify.com/s/files/1/0053/5665/0560/t/9/assets/ionicons.minb771.css]
[cdn.shopify.com/s/files/1/0053/5665/0560/t/9/assets/images/ui-bg_inset-hard_100_fcfdfd_1x100.542.delayed]
[cdn.shopify.com/s/files/1/0053/5665/0560/t/9/assets/images/ui-bg_gloss-wave_55_5c9ccc_500x100.png]
[cdn.shopify.com/s/files/1/0053/5665/0560/t/9/assets/images/ui-bg_glass_85_dfeffc_1x400.png]
[cdn.shopify.com/s/files/1/0053/5665/0560/t/9/assets/images/ui-bg_glass_75_d0e5f5_1x400.png]
[cdn.shopify.com/s/files/1/0053/5665/0560/t/9/assets/ionicons28b5.svg]
[cdn.shopify.com/s/files/1/0053/5665/0560/t/9/assets/images/ui-bg_inset-hard_100_f5f8f9_1x100.png]
[cdn.shopify.com/s/files/1/0053/5665/0560/t/9/assets/images/ui-bg_glass_95_fef1ec_1x400.png]
[cdn.shopify.com/s/files/1/0053/5665/0560/t/9/assets/images/ui-icons_469bdd_256x240.png]
[cdn.shopify.com/s/files/1/0053/5665/0560/t/9/assets/images/ui-icons_d8e7f3_256x240.png]
[cdn.shopify.com/s/files/1/0053/5665/0560/t/9/assets/images/ui-icons_6da8d5_256x240.png]
[cdn.shopify.com/s/files/1/0053/5665/0560/t/9/assets/images/ui-icons_217bc0_256x240.png]
[cdn.shopify.com/s/files/1/0053/5665/0560/t/9/assets/images/ui-icons_f9bd01_256x240.png]
[cdn.shopify.com/s/files/1/0053/5665/0560/t/9/assets/images/ui-icons_2e83ff_256x240.png]
[cdn.shopify.com/s/files/1/0053/5665/0560/t/9/assets/images/ui-icons_cd0a0a_256x240.png]
[cdn.shopify.com/s/files/1/0053/5665/0560/t/9/assets/jquery-uife68.css]
[cdn.shopify.com/s/files/1/0053/5665/0560/t/9/assets/meanmenu.min07f7.css]
[cdn.shopify.com/s/files/1/0053/5665/0560/t/9/assets/owl.video.play.png]
[cdn.shopify.com/s/files/1/0053/5665/0560/t/9/assets/owl.carousel.min22a5.css]
[cdn.shopify.com/s/files/1/0053/5665/0560/t/9/assets/slick6c6a.css]
[cdn.shopify.com/s/files/1/0053/5665/0560/t/9/assets/themify9f24.woff]
[cdn.shopify.com/s/files/1/0053/5665/0560/t/9/assets/themify9f24.ttf]
[cdn.shopify.com/s/files/1/0053/5665/0560/t/9/assets/themify9f24.eot]
[cdn.shopify.com/s/files/1/0053/5665/0560/t/9/assets/themifyd41d.eot]
[cdn.shopify.com/s/files/1/0053/5665/0560/t/9/assets/themify-icons40bc.css]
[cdn.shopify.com/s/files/1/0053/5665/0560/t/9/assets/jquery.fancybox-1.3.40a0a.html]
[cdn.shopify.com/s/files/1/0053/5665/0560/t/9/assets/magnify7b88.css]
[cdn.shopify.com/s/files/1/0053/5665/0560/t/9/assets/style271f.css]
[cdn.shopify.com/s/files/1/0053/5665/0560/t/9/assets/responsive8230.css]
[cdn.shopify.com/s/files/1/0053/5665/0560/t/9/assets/qcv-arrow-down.png]
[cdn.shopify.com/s/files/1/0053/5665/0560/t/9/assets/theme-defaultcf74.css]
[cdn.shopify.com/s/files/1/0053/5665/0560/t/9/assets/themify9f24.svg]
[cdn.shopify.com/s/files/1/0053/5665/0560/t/9/assets/shop.png]
[cdn.shopify.com/s/files/1/0053/5665/0560/t/9/img/icons/button-play.png]
[cdn.shopify.com/s/files/1/0053/5665/0560/t/9/assets/theme-custom0e03.css]
[cdn.shopify.com/s/files/1/0053/5665/0560/t/9/assets/theme-responsive2dee.css]
[cdn.shopify.com/s/files/1/0053/5665/0560/t/9/assets/skin-theme9a11.css]
[cdn.shopify.com/s/files/1/0053/5665/0560/t/9/assets/theme-color67a9.css]
[sabujcha-demo.myshopify.com/products/POST.html]
[cdn.shopify.com/s/files/1/0053/5665/0560/t/9/compiled_assets/styles0a0a.css]
[cdn.shopify.com/s/files/1/0053/5665/0560/t/9/compiled_assets/scripts0a0a.js]
[pinterest.com/pin/create/button/indexac31.html]
[cdn.shopify.com/s/files/1/0053/5665/0560/t/9/assets/fancybox_sprite.png]
[cdn.shopify.com/s/files/1/0053/5665/0560/t/9/assets/fancybox_loading.gif]
[cdn.shopify.com/s/files/1/0053/5665/0560/t/9/assets/blank.gif]
[cdn.shopify.com/s/files/1/0053/5665/0560/t/9/assets/fancybox_overlay.png]
[cdn.shopify.com/s/files/1/0053/5665/0560/t/9/assets/fancybox_sprite@2x.png]
[cdn.shopify.com/s/files/1/0053/5665/0560/t/9/assets/fancybox_loading@2x.gif]
[cdn.shopify.com/s/files/1/0053/5665/0560/t/9/assets/jquery.fancyboxec00.css]
[sabujcha-demo.myshopify.com/collections/latest-products/products/POST.55e.delayed]
[sabujcha-demo.myshopify.com/collections/latest-products/products/3-variable-product.html]
[sabujcha-demo.myshopify.com/collections/latest-products/products/aliexpress-dropshipping-by-oberlo-cpy.html]
[sabujcha-demo.myshopify.com/collections/latest-products/products/2-new-badge-product.html]
[sabujcha-demo.myshopify.com/collections/latest-products/products/demo-product-title.html]
[sabujcha-demo.myshopify.com/collections/latest-products/products/demo-product-title-2.html]
[sabujcha-demo.myshopify.com/collections/latest-products/products/9-without-shortcode-product.html]
[sabujcha-demo.myshopify.com/collections/latest-products/products/4-soldout-product.html]
[pinterest.com/pin/create/button/index810e.html]
[pinterest.com/pin/create/button/index15d1.html]
[sabujcha-demo.myshopify.com/collections/new-products/products/POST]
[sabujcha-demo.myshopify.com/collections/new-products/products/3-variable-product.html]
[sabujcha-demo.myshopify.com/collections/new-products/products/2-new-badge-product.html]
[sabujcha-demo.myshopify.com/collections/new-products/products/5-simple-product.html]
[sabujcha-demo.myshopify.com/collections/new-products/products/product-title-here.html]
[sabujcha-demo.myshopify.com/collections/new-products/products/7-sample-affiliate-product.html]
[sabujcha-demo.myshopify.com/collections/new-products/products/product-title-here-3.html]
[sabujcha-demo.myshopify.com/collections/new-products/products/dummy-text-for-title-3.html]
[pinterest.com/pin/create/button/indexe770.html]
[sabujcha-demo.myshopify.com/collections/latest-products/products/1-new-and-sale-badge-product.html]
[pinterest.com/pin/create/button/index30e4.html]
[pinterest.com/pin/create/button/index350d.html]
[pinterest.com/pin/create/button/indexa36a.html]
[pinterest.com/pin/create/button/index0ac3.html]
[pinterest.com/pin/create/button/index6d09.html]
[pinterest.com/pin/create/button/index95a1.html]
[pinterest.com/pin/create/button/indexc6c4.html]
[sabujcha-demo.myshopify.com/collections/new-products/products/demo-product-title-3.html]
[pinterest.com/pin/create/button/indexcbd4.html]
[pinterest.com/pin/create/button/index1c71.html]
[pinterest.com/pin/create/button/indexda9e.html]
[pinterest.com/pin/create/button/indexf63e.html]
[pinterest.com/pin/create/button/index4e5d.html]
[pinterest.com/pin/create/button/index10f6.html]
[pinterest.com/pin/create/button/index3fb3.html]
[pinterest.com/pin/create/button/indexca1f.html]
[cdn.shopify.com/s/files/1/0053/5665/0560/articles/b5_1024x1024b73c.jpg]
[sabujcha-demo.myshopify.com/blogs/news2679.html]
[cdn.shopify.com/s/files/1/0053/5665/0560/articles/blog-1_1024x1024844b.jpg]
[cdn.shopify.com/s/files/1/0053/5665/0560/articles/blog-3_1024x1024ccd3.jpg]
[sabujcha-demo.myshopify.com/blogs/news4658.html]
[sabujcha-demo.myshopify.com/blogs/POST.html]
[pinterest.com/pin/create/button/indexa95c.html]
[pinterest.com/pin/create/button/index1f2d.html]
[pinterest.com/pin/create/button/indexaf8b.html]
[cdn.shopify.com/s/files/1/0053/5665/0560/articles/b478a0.jpg]
[sabujcha-demo.myshopify.com/blogs/news/what-is-the-ph-of-green-tea.html]
[pinterest.com/pin/create/button/index01de.html]
[cdn.shopify.com/s/files/1/0053/5665/0560/articles/b5b73c.jpg]
[sabujcha-demo.myshopify.com/blogs/news/matcha-vs-mate-all-you-need-to-know.html]
[cdn.shopify.com/s/files/1/0053/5665/0560/articles/blog-1844b.jpg]
[sabujcha-demo.myshopify.com/blogs/news/consectetur-adipisicing-elit.html]
[cdn.shopify.com/s/files/1/0053/5665/0560/articles/blog-3ccd3.jpg]
[sabujcha-demo.myshopify.com/blogs/news/lorem-ipsum-sit-ame-co.html]
[sabujcha-demo.myshopify.com/blogs/news/tagged/dark.atom]
[sabujcha-demo.myshopify.com/blogs/news/tagged/POST]
[sabujcha-demo.myshopify.com/blogs/news/tagged/dark.html]
[sabujcha-demo.myshopify.com/blogs/news/tagged/green.atom]
[sabujcha-demo.myshopify.com/blogs/news/tagged/green4658.html]
[sabujcha-demo.myshopify.com/blogs/news/tagged/green.html]
[sabujcha-demo.myshopify.com/blogs/news/tagged/lifestyle.atom]
[sabujcha-demo.myshopify.com/blogs/news/tagged/lifestyle.html]
[sabujcha-demo.myshopify.com/blogs/news/tagged/new.atom]
[sabujcha-demo.myshopify.com/blogs/news/tagged/lifestyle4658.html]
[sabujcha-demo.myshopify.com/blogs/news/tagged/new.html]
[sabujcha-demo.myshopify.com/blogs/news/tagged/oolong.html]
[sabujcha-demo.myshopify.com/blogs/news/tagged/oolong.atom]
[sabujcha-demo.myshopify.com/blogs/news/tagged/success.atom]
[sabujcha-demo.myshopify.com/blogs/news/tagged/success.html]
[sabujcha-demo.myshopify.com/blogs/news/POST.html]
[pinterest.com/pin/create/button/index18d4.html]
[sabujcha-demo.myshopify.com/blogs/news/tagged/success4658.html]
[sabujcha-demo.myshopify.com/collections/all/finlay.atom]
[sabujcha-demo.myshopify.com/collections/all/finlay.html]
[sabujcha-demo.myshopify.com/account/POST.html]
[sabujcha-demo.myshopify.com/account/register.html]
[pinterest.com/pin/create/button/indexca3c.html]
[pinterest.com/pin/create/button/index0ba7.html]
[pinterest.com/pin/create/button/index1ea2.html]
[sabujcha-demo.myshopify.com/account/login4236.html]
[cdn.shopify.com/s/files/1/0053/5665/0560/t/3/assets/iconsab23.svg]
[cdn.shopify.com/s/files/1/0053/5665/0560/t/3/assets/ico-selectab23.svg]
[cdn.shopify.com/s/files/1/0053/5665/0560/t/3/assets/chosen-sprite.html]
[cdn.shopify.com/s/files/1/0053/5665/0560/t/3/assets/chosen-sprite@2x.html]
[cdn.shopify.com/s/files/1/0053/5665/0560/t/3/assets/fontawesome-webfont3295.svg]
[cdn.shopify.com/s/files/1/0053/5665/0560/t/3/assets/ionicons28b5.svg]
[cdn.shopify.com/s/files/1/0053/5665/0560/t/3/assets/images/ui-bg_inset-hard_100_fcfdfd_1x100.html]
[cdn.shopify.com/s/files/1/0053/5665/0560/t/3/assets/images/ui-bg_gloss-wave_55_5c9ccc_500x100.html]
[cdn.shopify.com/s/files/1/0053/5665/0560/t/3/assets/images/ui-bg_glass_85_dfeffc_1x400.html]
[cdn.shopify.com/s/files/1/0053/5665/0560/t/3/assets/images/ui-bg_glass_75_d0e5f5_1x400.html]
[cdn.shopify.com/s/files/1/0053/5665/0560/t/3/assets/images/ui-bg_inset-hard_100_f5f8f9_1x100.html]
[cdn.shopify.com/s/files/1/0053/5665/0560/t/3/assets/images/ui-bg_glass_95_fef1ec_1x400.html]
[cdn.shopify.com/s/files/1/0053/5665/0560/t/3/assets/images/ui-icons_469bdd_256x240.html]
[cdn.shopify.com/s/files/1/0053/5665/0560/t/3/assets/images/ui-icons_d8e7f3_256x240.html]
[cdn.shopify.com/s/files/1/0053/5665/0560/t/3/assets/images/ui-icons_6da8d5_256x240.html]
[cdn.shopify.com/s/files/1/0053/5665/0560/t/3/assets/images/ui-icons_217bc0_256x240.html]
[cdn.shopify.com/s/files/1/0053/5665/0560/t/3/assets/images/ui-icons_f9bd01_256x240.html]
[cdn.shopify.com/s/files/1/0053/5665/0560/t/3/assets/images/ui-icons_2e83ff_256x240.html]
[cdn.shopify.com/s/files/1/0053/5665/0560/t/3/assets/images/ui-icons_cd0a0a_256x240.html]
[cdn.shopify.com/s/files/1/0053/5665/0560/t/3/assets/owl.video.play.html]
[cdn.shopify.com/s/files/1/0053/5665/0560/t/3/assets/themify9f24.svg]
[sabujcha-demo.myshopify.com/collections/all2679.html]
[cdn.shopify.com/s/files/1/0053/5665/0560/products/v4_4135ec87-040e-47d3-9927-8b80c44605cc_grande83b5.jpg]
[cdn.shopify.com/s/files/1/0053/5665/0560/products/v2_993cecd9-6c13-41f9-85c1-3dce233e24d8_grande83b5.jpg]
[cdn.shopify.com/s/files/1/0053/5665/0560/products/v6_b2d3cb4f-dfbc-411c-87b1-7f54051752b4_grande83b5.jpg]
[sabujcha-demo.myshopify.com/products/dummy-product-name-4.oembed]
[cdn.shopify.com/s/files/1/0053/5665/0560/products/v6_b2d3cb4f-dfbc-411c-87b1-7f54051752b4_1024x102483b5.jpg]
[cdn.shopify.com/s/files/1/0053/5665/0560/products/v2_993cecd9-6c13-41f9-85c1-3dce233e24d8_1024x102483b5.jpg]
[cdn.shopify.com/s/files/1/0053/5665/0560/products/v4_4135ec87-040e-47d3-9927-8b80c44605cc_1024x102483b5.jpg]
[cdn.shopify.com/s/files/1/0053/5665/0560/products/v5_0b7bbaf4-eabb-4e3e-8c56-d7b0179733f1_1024x102483b5.jpg]
[sabujcha-demo.myshopify.com/products/dummy-product-name-4.html]
[cdn.shopify.com/s/files/1/0053/5665/0560/products/product-detalis-bl2_652b87a7-30da-4faa-8449-dee0d747bcfa_grande9909.jpg]
[cdn.shopify.com/s/files/1/0053/5665/0560/products/3_2efcacc2-eadc-478f-ad66-2ae3e5148eb6_grande2fe3.jpg]
[cdn.shopify.com/s/files/1/0053/5665/0560/products/2_c92250e4-9082-47dd-9a99-122445b2b32a_grandef42f.jpg]
[sabujcha-demo.myshopify.com/products/dummy-product-name-3.oembed]
[cdn.shopify.com/s/files/1/0053/5665/0560/products/2_c92250e4-9082-47dd-9a99-122445b2b32a_1024x1024f42f.jpg]
[cdn.shopify.com/s/files/1/0053/5665/0560/products/3_2efcacc2-eadc-478f-ad66-2ae3e5148eb6_1024x10242fe3.jpg]
[cdn.shopify.com/s/files/1/0053/5665/0560/products/product-detalis-bl2_652b87a7-30da-4faa-8449-dee0d747bcfa_1024x10249909.jpg]
[cdn.shopify.com/s/files/1/0053/5665/0560/products/product-detalis-bl3_4b6b3d37-37e1-4f64-a008-c115353dfef6_1024x10249253.jpg]
[sabujcha-demo.myshopify.com/products/dummy-product-name-3.html]
[cdn.shopify.com/s/files/1/0053/5665/0560/products/3_9c562f89-bb94-4f42-b41d-2c7ec5ede719_grandef030.jpg]
[cdn.shopify.com/s/files/1/0053/5665/0560/products/2_1e8e88aa-1873-481e-a0ad-097e2b4277fa_grandeb0a3.jpg]
[cdn.shopify.com/s/files/1/0053/5665/0560/products/1_2a8c8790-0b7c-47b6-827b-3098bb37f521_grande9874.jpg]
[sabujcha-demo.myshopify.com/products/dummy-product-name-2.oembed]
[cdn.shopify.com/s/files/1/0053/5665/0560/products/1_2a8c8790-0b7c-47b6-827b-3098bb37f521_1024x10249874.jpg]
[cdn.shopify.com/s/files/1/0053/5665/0560/products/2_1e8e88aa-1873-481e-a0ad-097e2b4277fa_1024x1024b0a3.jpg]
[cdn.shopify.com/s/files/1/0053/5665/0560/products/3_9c562f89-bb94-4f42-b41d-2c7ec5ede719_1024x1024f030.jpg]
[cdn.shopify.com/s/files/1/0053/5665/0560/products/4_881042fe-4886-4afe-90a6-139d8803860a_1024x10242730.jpg]
[sabujcha-demo.myshopify.com/products/dummy-product-name-2.html]
[cdn.shopify.com/s/files/1/0053/5665/0560/products/3_c9a7c2da-5688-400f-9cdf-867c2256856e_grandeb2a1.jpg]
[cdn.shopify.com/s/files/1/0053/5665/0560/products/1_425b5b48-f2ca-46f8-80ad-3837122aff2b_grandeb2a1.jpg]
[cdn.shopify.com/s/files/1/0053/5665/0560/products/product-detalis-bl2_b1109720-4afb-4d41-a433-9075551107b4_grandeb2a1.jpg]
[sabujcha-demo.myshopify.com/products/dummy-product-name-1.oembed]
[cdn.shopify.com/s/files/1/0053/5665/0560/products/product-detalis-bl2_b1109720-4afb-4d41-a433-9075551107b4_1024x1024b2a1.jpg]
[cdn.shopify.com/s/files/1/0053/5665/0560/products/1_425b5b48-f2ca-46f8-80ad-3837122aff2b_1024x1024b2a1.jpg]
[cdn.shopify.com/s/files/1/0053/5665/0560/products/3_c9a7c2da-5688-400f-9cdf-867c2256856e_1024x1024b2a1.jpg]
[cdn.shopify.com/s/files/1/0053/5665/0560/products/product-detalis-bl3_4f66301e-f6b1-43fd-87bc-6f8eb4648481_1024x1024b2a1.jpg]
[sabujcha-demo.myshopify.com/products/dummy-product-name-1.html]
[cdn.shopify.com/s/files/1/0053/5665/0560/products/2_3d295a73-06ab-41ce-9e0a-aee268d42626_grandeb148.jpg]
[cdn.shopify.com/s/files/1/0053/5665/0560/products/1_e9b7822c-b5a9-42b3-b04c-c90015ac06e1_grandeb148.jpg]
[cdn.shopify.com/s/files/1/0053/5665/0560/products/product-detalis-bl3_3e846fce-6aa6-4cc9-b710-eb7618c3aa8b_grandeb148.jpg]
[sabujcha-demo.myshopify.com/products/dummy-product-name.oembed]
[cdn.shopify.com/s/files/1/0053/5665/0560/products/product-detalis-bl3_3e846fce-6aa6-4cc9-b710-eb7618c3aa8b_1024x1024b148.jpg]
[cdn.shopify.com/s/files/1/0053/5665/0560/products/1_e9b7822c-b5a9-42b3-b04c-c90015ac06e1_1024x1024b148.jpg]
[cdn.shopify.com/s/files/1/0053/5665/0560/products/2_3d295a73-06ab-41ce-9e0a-aee268d42626_1024x1024b148.jpg]
[cdn.shopify.com/s/files/1/0053/5665/0560/products/product-detalis-bl1_45c049c5-4d7c-4b0a-a4d5-5caa5af4ba46_1024x1024b148.jpg]
[sabujcha-demo.myshopify.com/products/dummy-product-name.html]
[pinterest.com/pin/create/button/indexdf08.html]
[pinterest.com/pin/create/button/indexc657.html]
[cdn.shopify.com/s/files/1/0053/5665/0560/products/product-detalis-bl3_-_Copy_97124e29-76cd-4e8e-8241-691a26251c48_grande2fae.jpg]
[cdn.shopify.com/s/files/1/0053/5665/0560/products/product-detalis-bl2_-_Copy_caecaf06-846b-48fc-9a94-17c6a69eadfd_grandeff35.jpg]
[cdn.shopify.com/s/files/1/0053/5665/0560/products/product-detalis-bl1_d9697e11-18d6-4efe-a9e7-641f6682eacf_grandeba79.jpg]
[sabujcha-demo.myshopify.com/products/product-dummy-title-3.oembed]
[cdn.shopify.com/s/files/1/0053/5665/0560/products/product-detalis-bl1_d9697e11-18d6-4efe-a9e7-641f6682eacf_1024x1024ba79.jpg]
[cdn.shopify.com/s/files/1/0053/5665/0560/products/product-detalis-bl2_-_Copy_caecaf06-846b-48fc-9a94-17c6a69eadfd_1024x1024ff35.jpg]
[cdn.shopify.com/s/files/1/0053/5665/0560/products/product-detalis-bl3_-_Copy_97124e29-76cd-4e8e-8241-691a26251c48_1024x10242fae.jpg]
[cdn.shopify.com/s/files/1/0053/5665/0560/products/product-detalis-bl4_0170a021-3d41-4074-8d2c-7dee61f0786a_1024x1024d74e.jpg]
[sabujcha-demo.myshopify.com/products/product-dummy-title-3.html]
[cdn.shopify.com/s/files/1/0053/5665/0560/products/product-detalis-bl4_eb030f5a-9f41-485a-9846-ded634af021e_grandea964.jpg]
[cdn.shopify.com/s/files/1/0053/5665/0560/products/product-detalis-bl3_-_Copy_2268a4e4-c3f1-4146-bdb3-c64b342680d4_grande0d48.jpg]
[cdn.shopify.com/s/files/1/0053/5665/0560/products/product-detalis-bl2_0c8ef2bc-d1a0-492e-810a-8fdf86a0d1c1_grandeb989.jpg]
[sabujcha-demo.myshopify.com/products/product-dummy-title-2.oembed]
[cdn.shopify.com/s/files/1/0053/5665/0560/products/product-detalis-bl2_0c8ef2bc-d1a0-492e-810a-8fdf86a0d1c1_1024x1024b989.jpg]
[cdn.shopify.com/s/files/1/0053/5665/0560/products/product-detalis-bl3_-_Copy_2268a4e4-c3f1-4146-bdb3-c64b342680d4_1024x10240d48.jpg]
[cdn.shopify.com/s/files/1/0053/5665/0560/products/product-detalis-bl4_eb030f5a-9f41-485a-9846-ded634af021e_1024x1024a964.jpg]
[cdn.shopify.com/s/files/1/0053/5665/0560/products/product-detalis-bl5_d1469555-cfa1-4c3f-a0f4-da1c36f05ac4_1024x10241e2e.jpg]
[sabujcha-demo.myshopify.com/products/product-dummy-title-2.html]
[cdn.shopify.com/s/files/1/0053/5665/0560/products/3_ac64d10d-f77a-478b-bbf4-b7873dba2b0d_grande242d.jpg]
[cdn.shopify.com/s/files/1/0053/5665/0560/products/2_4f86bdb5-8a66-4caf-91de-cac8bdad0d4f_grande28e8.jpg]
[cdn.shopify.com/s/files/1/0053/5665/0560/products/1_fb5c75c6-828e-4c86-b80e-11b03ce51215_grandec703.jpg]
[sabujcha-demo.myshopify.com/products/product-dummy-title-1.oembed]
[cdn.shopify.com/s/files/1/0053/5665/0560/products/1_fb5c75c6-828e-4c86-b80e-11b03ce51215_1024x1024c703.jpg]
[cdn.shopify.com/s/files/1/0053/5665/0560/products/2_4f86bdb5-8a66-4caf-91de-cac8bdad0d4f_1024x102428e8.jpg]
[cdn.shopify.com/s/files/1/0053/5665/0560/products/3_ac64d10d-f77a-478b-bbf4-b7873dba2b0d_1024x1024242d.jpg]
[cdn.shopify.com/s/files/1/0053/5665/0560/products/product-detalis-bl1_0ed7dfee-79f2-4e42-967d-ed882b57ed8c_1024x1024e69a.jpg]
[sabujcha-demo.myshopify.com/products/product-dummy-title-1.html]
[cdn.shopify.com/s/files/1/0053/5665/0560/products/2_18cb171a-6e21-483e-9a43-35050adeee4f_grande0c34.jpg]
[cdn.shopify.com/s/files/1/0053/5665/0560/products/1_0c409de2-4e1b-41fb-b29d-c080345c6af9_grande0c34.jpg]
[cdn.shopify.com/s/files/1/0053/5665/0560/products/product-detalis-bl3_-_Copy_f9752d0b-0add-4084-a445-4f87c45aa53b_grande0c34.jpg]
[sabujcha-demo.myshopify.com/products/product-dummy-title.oembed]
[cdn.shopify.com/s/files/1/0053/5665/0560/products/product-detalis-bl3_-_Copy_f9752d0b-0add-4084-a445-4f87c45aa53b_1024x10240c34.jpg]
[cdn.shopify.com/s/files/1/0053/5665/0560/products/1_0c409de2-4e1b-41fb-b29d-c080345c6af9_1024x10240c34.jpg]
[cdn.shopify.com/s/files/1/0053/5665/0560/products/2_18cb171a-6e21-483e-9a43-35050adeee4f_1024x10240c34.jpg]
[cdn.shopify.com/s/files/1/0053/5665/0560/products/product-detalis-bl2_2775ab1c-1cfa-493a-905d-73d89a149ca0_1024x10240c34.jpg]
[sabujcha-demo.myshopify.com/products/product-dummy-title.html]
[cdn.shopify.com/s/files/1/0053/5665/0560/products/v5_315dd48d-28e7-45e2-878b-da35a91ef4e3_grandef7ed.jpg]
[cdn.shopify.com/s/files/1/0053/5665/0560/products/v4_b91e3053-e9a6-4b27-8cda-d893a2b37101_grande41b8.jpg]
[cdn.shopify.com/s/files/1/0053/5665/0560/products/v2_efda923a-e255-44e5-87a3-16c23bcd90b7_grande4bb1.jpg]
[sabujcha-demo.myshopify.com/products/product-title-here-1.oembed]
[cdn.shopify.com/s/files/1/0053/5665/0560/products/v2_efda923a-e255-44e5-87a3-16c23bcd90b7_1024x10244bb1.jpg]
[cdn.shopify.com/s/files/1/0053/5665/0560/products/v4_b91e3053-e9a6-4b27-8cda-d893a2b37101_1024x102441b8.jpg]
[cdn.shopify.com/s/files/1/0053/5665/0560/products/v5_315dd48d-28e7-45e2-878b-da35a91ef4e3_1024x1024f7ed.jpg]
[cdn.shopify.com/s/files/1/0053/5665/0560/products/v6_841566e3-e2aa-40ce-bbf3-b2a68fc38834_1024x10249174.jpg]
[sabujcha-demo.myshopify.com/products/product-title-here-1.html]
[cdn.shopify.com/s/files/1/0053/5665/0560/products/2_ea549258-b4ee-4bd9-a953-6228a9297f09_grandecd4c.jpg]
[cdn.shopify.com/s/files/1/0053/5665/0560/products/1_3cf0f8e5-e0ba-4123-8f77-da6ba7a98991_grandecd4c.jpg]
[sabujcha-demo.myshopify.com/products/test-product.oembed]
[cdn.shopify.com/s/files/1/0053/5665/0560/products/1_3cf0f8e5-e0ba-4123-8f77-da6ba7a98991_1024x1024cd4c.jpg]
[cdn.shopify.com/s/files/1/0053/5665/0560/products/2_ea549258-b4ee-4bd9-a953-6228a9297f09_1024x1024cd4c.jpg]
[sabujcha-demo.myshopify.com/products/test-product.html]
[sabujcha-demo.myshopify.com/collections/all/pink.html]
[sabujcha-demo.myshopify.com/collections/all/pink.atom]
[sabujcha-demo.myshopify.com/collections/all/purple.html]
[sabujcha-demo.myshopify.com/collections/all/purple.atom]
[sabujcha-demo.myshopify.com/collections/all/violet.atom]
[sabujcha-demo.myshopify.com/collections/all/violet.html]
[sabujcha-demo.myshopify.com/collections/vendorsa8af.html]
[sabujcha-demo.myshopify.com/collections/vendors5906.html]
[sabujcha-demo.myshopify.com/collections/vendors7287.html]
[sabujcha-demo.myshopify.com/collections/all/post-2.html]
[sabujcha-demo.myshopify.com/collections/all/POST.html]
[sabujcha-demo.myshopify.com/collections/all/POST.atom]
[sabujcha-demo.myshopify.com/collections/all/leather.html]
[sabujcha-demo.myshopify.com/collections/all/leather.atom]
[sabujcha-demo.myshopify.com/collections/all/metal.html]
[sabujcha-demo.myshopify.com/collections/all/metal.atom]
[sabujcha-demo.myshopify.com/collections/all/m4658.html]
[sabujcha-demo.myshopify.com/collections/all/m2679.html]
[sabujcha-demo.myshopify.com/collections/all/l4658.html]
[sabujcha-demo.myshopify.com/collections/all/l2679.html]
[sabujcha-demo.myshopify.com/collections/all/orange.html]
[cdn.shopify.com/s/files/1/0053/5665/0560/t/9/assets/iconsdf6d.svg]
[cdn.shopify.com/s/files/1/0053/5665/0560/t/9/assets/ico-selectdf6d.svg]
[cdn.shopify.com/s/files/1/0053/5665/0560/t/9/assets/chosen-sprite.html]
[cdn.shopify.com/s/files/1/0053/5665/0560/t/9/assets/chosen-sprite@2x.html]
[cdn.shopify.com/s/files/1/0053/5665/0560/t/9/assets/fontawesome-webfont3295.svg]
[cdn.shopify.com/s/files/1/0053/5665/0560/t/9/assets/ionicons28b5.svg]
[cdn.shopify.com/s/files/1/0053/5665/0560/t/9/assets/images/ui-bg_inset-hard_100_fcfdfd_1x100.html]
[cdn.shopify.com/s/files/1/0053/5665/0560/t/9/assets/images/ui-bg_gloss-wave_55_5c9ccc_500x100.html]
[cdn.shopify.com/s/files/1/0053/5665/0560/t/9/assets/images/ui-bg_glass_85_dfeffc_1x400.html]
[cdn.shopify.com/s/files/1/0053/5665/0560/t/9/assets/images/ui-bg_glass_75_d0e5f5_1x400.html]
[cdn.shopify.com/s/files/1/0053/5665/0560/t/9/assets/images/ui-bg_inset-hard_100_f5f8f9_1x100.html]
[cdn.shopify.com/s/files/1/0053/5665/0560/t/9/assets/images/ui-bg_glass_95_fef1ec_1x400.html]
[cdn.shopify.com/s/files/1/0053/5665/0560/t/9/assets/images/ui-icons_469bdd_256x240.html]
[cdn.shopify.com/s/files/1/0053/5665/0560/t/9/assets/images/ui-icons_d8e7f3_256x240.html]
[cdn.shopify.com/s/files/1/0053/5665/0560/t/9/assets/images/ui-icons_6da8d5_256x240.html]
[cdn.shopify.com/s/files/1/0053/5665/0560/t/9/assets/images/ui-icons_217bc0_256x240.html]
[cdn.shopify.com/s/files/1/0053/5665/0560/t/9/assets/images/ui-icons_f9bd01_256x240.html]
[cdn.shopify.com/s/files/1/0053/5665/0560/t/9/assets/images/ui-icons_2e83ff_256x240.html]
[cdn.shopify.com/s/files/1/0053/5665/0560/t/9/assets/images/ui-icons_cd0a0a_256x240.html]
[cdn.shopify.com/s/files/1/0053/5665/0560/t/9/assets/owl.video.play.html]
[cdn.shopify.com/s/files/1/0053/5665/0560/t/9/assets/themify9f24.svg]
[cdn.shopify.com/s/files/1/0053/5665/0560/t/9/img/icons/button-play.html]
[sabujcha-demo.myshopify.com/collections/all/orange.atom]
[pinterest.com/pin/create/button/indexeff4.html]
[sabujcha-demo.myshopify.com/collections/latest-products/products/POST.html]
[pinterest.com/pin/create/button/indexf66e.html]
[pinterest.com/pin/create/button/index4ff1.html]
[sabujcha-demo.myshopify.com/collections/new-products/products/POST.html]
[pinterest.com/pin/create/button/index5cc0.html]
[pinterest.com/pin/create/button/index80e5.html]
[pinterest.com/pin/create/button/index3b17.html]
[pinterest.com/pin/create/button/index69e6.html]
[pinterest.com/pin/create/button/index2c29.html]
[pinterest.com/pin/create/button/indexa641.html]
[pinterest.com/pin/create/button/index474e.html]
[pinterest.com/pin/create/button/index2d2e.html]
[pinterest.com/pin/create/button/indexc711.html]
[pinterest.com/pin/create/button/index920f.html]
[pinterest.com/pin/create/button/indexee3e.html]
[pinterest.com/pin/create/button/indexfde3.html]
[pinterest.com/pin/create/button/indexe973.html]
[pinterest.com/pin/create/button/indexf994.html]
[pinterest.com/pin/create/button/index869e.html]
[pinterest.com/pin/create/button/index1d68.html]
[sabujcha-demo.myshopify.com/blogs/news2679.html]
[pinterest.com/pin/create/button/indexbe3b.html]
[pinterest.com/pin/create/button/indexd454.html]
[pinterest.com/pin/create/button/index5f06.html]
[pinterest.com/pin/create/button/indexb881.html]
[pinterest.com/pin/create/button/index163b.html]
[pinterest.com/pin/create/button/indexdbca.html]
[pinterest.com/pin/create/button/index7d76.html]
[sabujcha-demo.myshopify.com/blogs/news/tagged/POST.html]
[sabujcha-demo.myshopify.com/blogs/news/tagged/green4658.html]
[sabujcha-demo.myshopify.com/blogs/news/tagged/green2679.html]
[sabujcha-demo.myshopify.com/blogs/news/tagged/lifestyle4658.html]
[sabujcha-demo.myshopify.com/blogs/news/tagged/lifestyle2679.html]
[sabujcha-demo.myshopify.com/blogs/news/tagged/success4658.html]
[pinterest.com/pin/create/button/index0d39.html]
[pinterest.com/pin/create/button/indexcaa9.html]
[pinterest.com/pin/create/button/index1235.html]
[pinterest.com/pin/create/button/indexc76a.html]
[pinterest.com/pin/create/button/index97e1.html]
[pinterest.com/pin/create/button/index06c0.html]
[pinterest.com/pin/create/button/indexe3d6.html]
[pinterest.com/pin/create/button/indexb814.html]
[pinterest.com/pin/create/button/index7ea7.html]
[pinterest.com/pin/create/button/indexf7bf.html]
[pinterest.com/pin/create/button/indexef0f.html]
[pinterest.com/pin/create/button/indexb4ca.html]
[sabujcha-demo.myshopify.com/blogs/news/tagged/success2679.html]
[pinterest.com/pin/create/button/index05f1.html]
[pinterest.com/pin/create/button/index45a5.html]
[pinterest.com/pin/create/button/indexf694.html]
[pinterest.com/pin/create/button/indexc079.html]
[pinterest.com/pin/create/button/index958c.html]
[sabujcha-demo.myshopify.com/collections/all/post-2.html]
[sabujcha-demo.myshopify.com/collections/all/post-2.atom]
[sabujcha-demo.myshopify.com/collections/all/m2679.html]
[sabujcha-demo.myshopify.com/collections/all/l2679.html]
[pinterest.com/pin/create/button/indexb978.html]
[pinterest.com/pin/create/button/index5e9a.html]
[pinterest.com/pin/create/button/indexf7f7.html]
[sabujcha-demo.myshopify.com/blogs/news/tagged/green2679.html]
[sabujcha-demo.myshopify.com/blogs/news/tagged/lifestyle2679.html]
[sabujcha-demo.myshopify.com/blogs/news/tagged/success2679.html]
[pinterest.com/pin/create/button/indexe06c.html]
[pinterest.com/pin/create/button/index245a.html]
[pinterest.com/pin/create/button/indexcb08.html]
[pinterest.com/pin/create/button/index0e6a.html]
[pinterest.com/pin/create/button/index2e01.html]
[pinterest.com/pin/create/button/indexeabb.html]
[pinterest.com/pin/create/button/index7833.html]
[pinterest.com/pin/create/button/indexbd99.html]
[pinterest.com/pin/create/button/index0430.html]
[pinterest.com/pin/create/button/index5f98.html]
[pinterest.com/pin/create/button/indexea0e.html]
